Release 13.4 - xst O.87xd (lin64)
Copyright (c) 1995-2011 Xilinx, Inc.  All rights reserved.
--> 
Parameter TMPDIR set to xst/projnav.tmp


Total REAL time to Xst completion: 0.00 secs
Total CPU time to Xst completion: 0.04 secs
 
--> 
Parameter xsthdpdir set to xst


Total REAL time to Xst completion: 0.00 secs
Total CPU time to Xst completion: 0.04 secs
 
--> 
Reading design: screen_design.prj

TABLE OF CONTENTS
  1) Synthesis Options Summary
  2) HDL Compilation
  3) Design Hierarchy Analysis
  4) HDL Analysis
  5) HDL Synthesis
     5.1) HDL Synthesis Report
  6) Advanced HDL Synthesis
     6.1) Advanced HDL Synthesis Report
  7) Low Level Synthesis
  8) Partition Report
  9) Final Report
	9.1) Device utilization summary
	9.2) Partition Resource Summary
	9.3) TIMING REPORT


=========================================================================
*                      Synthesis Options Summary                        *
=========================================================================
---- Source Parameters
Input File Name                    : "screen_design.prj"
Input Format                       : mixed
Ignore Synthesis Constraint File   : NO

---- Target Parameters
Output File Name                   : "screen_design"
Output Format                      : NGC
Target Device                      : xc3s500e-5-fg320

---- Source Options
Top Module Name                    : screen_design
Automatic FSM Extraction           : YES
FSM Encoding Algorithm             : Auto
Safe Implementation                : No
FSM Style                          : LUT
RAM Extraction                     : Yes
RAM Style                          : Auto
ROM Extraction                     : Yes
Mux Style                          : Auto
Decoder Extraction                 : YES
Priority Encoder Extraction        : Yes
Shift Register Extraction          : YES
Logical Shifter Extraction         : YES
XOR Collapsing                     : YES
ROM Style                          : Auto
Mux Extraction                     : Yes
Resource Sharing                   : YES
Asynchronous To Synchronous        : NO
Multiplier Style                   : Auto
Automatic Register Balancing       : No

---- Target Options
Add IO Buffers                     : YES
Global Maximum Fanout              : 500
Add Generic Clock Buffer(BUFG)     : 24
Register Duplication               : YES
Slice Packing                      : YES
Optimize Instantiated Primitives   : NO
Use Clock Enable                   : Yes
Use Synchronous Set                : Yes
Use Synchronous Reset              : Yes
Pack IO Registers into IOBs        : Auto
Equivalent register Removal        : YES

---- General Options
Optimization Goal                  : Speed
Optimization Effort                : 1
Keep Hierarchy                     : No
Netlist Hierarchy                  : As_Optimized
RTL Output                         : Yes
Global Optimization                : AllClockNets
Read Cores                         : YES
Write Timing Constraints           : NO
Cross Clock Analysis               : NO
Hierarchy Separator                : /
Bus Delimiter                      : <>
Case Specifier                     : Maintain
Slice Utilization Ratio            : 100
BRAM Utilization Ratio             : 100
Verilog 2001                       : YES
Auto BRAM Packing                  : NO
Slice Utilization Ratio Delta      : 5

=========================================================================


=========================================================================
*                          HDL Compilation                              *
=========================================================================
Compiling verilog file "../ahish-temp/screen_design_optimized_image.v" in library work
Module <pixel_itr> compiled
Module <screen_design> compiled
No errors in compilation
Analysis of file <"screen_design.prj"> succeeded.
 

=========================================================================
*                     Design Hierarchy Analysis                         *
=========================================================================
Analyzing hierarchy for module <screen_design> in library <work>.

Analyzing hierarchy for module <pixel_itr> in library <work> with parameters.
	h_draw_min = "00000000000000000000000010100000"
	h_max = "00000000000000000000001100100000"
	h_sync_end = "00000000000000000000000001110000"
	h_sync_strt = "00000000000000000000000000010000"
	v_draw_max = "00000000000000000000000111011111"
	v_max = "00000000000000000000001000001100"
	v_sync_end = "00000000000000000000000111101100"
	v_sync_strt = "00000000000000000000000111101010"


=========================================================================
*                            HDL Analysis                               *
=========================================================================
Analyzing top module <screen_design>.
Module <screen_design> is correct for synthesis.
 
Analyzing module <pixel_itr> in library <work>.
	h_draw_min = 32'sb00000000000000000000000010100000
	h_max = 32'sb00000000000000000000001100100000
	h_sync_end = 32'sb00000000000000000000000001110000
	h_sync_strt = 32'sb00000000000000000000000000010000
	v_draw_max = 32'sb00000000000000000000000111011111
	v_max = 32'sb00000000000000000000001000001100
	v_sync_end = 32'sb00000000000000000000000111101100
	v_sync_strt = 32'sb00000000000000000000000111101010
Module <pixel_itr> is correct for synthesis.
 

=========================================================================
*                           HDL Synthesis                               *
=========================================================================

Performing bidirectional port resolution...

Synthesizing Unit <pixel_itr>.
    Related source file is "../ahish-temp/screen_design_optimized_image.v".
    Found 10-bit comparator greater for signal <draw_active$cmp_gt0000> created at line 49.
    Found 10-bit comparator less for signal <draw_active$cmp_lt0000> created at line 49.
    Found 10-bit register for signal <h_pos>.
    Found 10-bit adder for signal <h_pos$addsub0000> created at line 66.
    Found 11-bit comparator less for signal <h_pos$cmp_lt0000> created at line 65.
    Found 10-bit comparator greatequal for signal <h_sync$cmp_ge0000> created at line 38.
    Found 10-bit comparator less for signal <h_sync$cmp_lt0000> created at line 38.
    Found 10-bit subtractor for signal <pix_x$addsub0000> created at line 44.
    Found 10-bit comparator greatequal for signal <pix_x$cmp_ge0000> created at line 44.
    Found 10-bit comparator lessequal for signal <pix_y$cmp_le0000> created at line 45.
    Found 10-bit register for signal <v_pos>.
    Found 10-bit adder for signal <v_pos$addsub0000> created at line 70.
    Found 10-bit comparator greatequal for signal <v_sync$cmp_ge0000> created at line 39.
    Found 10-bit comparator less for signal <v_sync$cmp_lt0000> created at line 39.
    Summary:
	inferred  20 D-type flip-flop(s).
	inferred   3 Adder/Subtractor(s).
	inferred   9 Comparator(s).
Unit <pixel_itr> synthesized.


Synthesizing Unit <screen_design>.
    Related source file is "../ahish-temp/screen_design_optimized_image.v".
WARNING:Xst:1780 - Signal <win4> is never used or assigned. This unconnected signal will be trimmed during the optimization process.
    Found 1-bit register for signal <count>.
    Found 1-bit register for signal <pix_clk>.
    Found 10-bit comparator greatequal for signal <win1$cmp_ge0000> created at line 134.
    Found 10-bit comparator greatequal for signal <win1$cmp_ge0001> created at line 134.
    Found 10-bit comparator greatequal for signal <win1$cmp_ge0002> created at line 134.
    Found 10-bit comparator greatequal for signal <win1$cmp_ge0003> created at line 134.
    Found 10-bit comparator greatequal for signal <win1$cmp_ge0004> created at line 134.
    Found 10-bit comparator greatequal for signal <win1$cmp_ge0005> created at line 134.
    Found 10-bit comparator greatequal for signal <win1$cmp_ge0006> created at line 134.
    Found 10-bit comparator greatequal for signal <win1$cmp_ge0007> created at line 134.
    Found 10-bit comparator greatequal for signal <win1$cmp_ge0008> created at line 134.
    Found 10-bit comparator greatequal for signal <win1$cmp_ge0009> created at line 134.
    Found 10-bit comparator greatequal for signal <win1$cmp_ge0010> created at line 134.
    Found 10-bit comparator greatequal for signal <win1$cmp_ge0011> created at line 134.
    Found 10-bit comparator greatequal for signal <win1$cmp_ge0012> created at line 134.
    Found 10-bit comparator greatequal for signal <win1$cmp_ge0013> created at line 134.
    Found 10-bit comparator greatequal for signal <win1$cmp_ge0014> created at line 134.
    Found 10-bit comparator greatequal for signal <win1$cmp_ge0015> created at line 134.
    Found 10-bit comparator greatequal for signal <win1$cmp_ge0016> created at line 134.
    Found 10-bit comparator greatequal for signal <win1$cmp_ge0017> created at line 134.
    Found 10-bit comparator greatequal for signal <win1$cmp_ge0018> created at line 134.
    Found 10-bit comparator greatequal for signal <win1$cmp_ge0019> created at line 134.
    Found 10-bit comparator greatequal for signal <win1$cmp_ge0020> created at line 134.
    Found 10-bit comparator greatequal for signal <win1$cmp_ge0021> created at line 134.
    Found 10-bit comparator greatequal for signal <win1$cmp_ge0022> created at line 134.
    Found 10-bit comparator greatequal for signal <win1$cmp_ge0023> created at line 134.
    Found 10-bit comparator greatequal for signal <win1$cmp_ge0024> created at line 134.
    Found 10-bit comparator greatequal for signal <win1$cmp_ge0025> created at line 134.
    Found 10-bit comparator greatequal for signal <win1$cmp_ge0026> created at line 134.
    Found 10-bit comparator greatequal for signal <win1$cmp_ge0027> created at line 134.
    Found 10-bit comparator greatequal for signal <win1$cmp_ge0028> created at line 134.
    Found 10-bit comparator greatequal for signal <win1$cmp_ge0029> created at line 134.
    Found 10-bit comparator greatequal for signal <win1$cmp_ge0030> created at line 134.
    Found 10-bit comparator greatequal for signal <win1$cmp_ge0031> created at line 134.
    Found 10-bit comparator greatequal for signal <win1$cmp_ge0032> created at line 134.
    Found 10-bit comparator greatequal for signal <win1$cmp_ge0033> created at line 134.
    Found 10-bit comparator greatequal for signal <win1$cmp_ge0034> created at line 134.
    Found 10-bit comparator greatequal for signal <win1$cmp_ge0035> created at line 134.
    Found 10-bit comparator greatequal for signal <win1$cmp_ge0036> created at line 134.
    Found 10-bit comparator greatequal for signal <win1$cmp_ge0037> created at line 134.
    Found 10-bit comparator greatequal for signal <win1$cmp_ge0038> created at line 134.
    Found 10-bit comparator greatequal for signal <win1$cmp_ge0039> created at line 134.
    Found 10-bit comparator greatequal for signal <win1$cmp_ge0040> created at line 134.
    Found 10-bit comparator greatequal for signal <win1$cmp_ge0041> created at line 134.
    Found 10-bit comparator greatequal for signal <win1$cmp_ge0042> created at line 134.
    Found 10-bit comparator greatequal for signal <win1$cmp_ge0043> created at line 134.
    Found 10-bit comparator greatequal for signal <win1$cmp_ge0044> created at line 134.
    Found 10-bit comparator greatequal for signal <win1$cmp_ge0045> created at line 134.
    Found 10-bit comparator greatequal for signal <win1$cmp_ge0046> created at line 134.
    Found 10-bit comparator greatequal for signal <win1$cmp_ge0047> created at line 134.
    Found 10-bit comparator greatequal for signal <win1$cmp_ge0048> created at line 134.
    Found 10-bit comparator greatequal for signal <win1$cmp_ge0049> created at line 134.
    Found 10-bit comparator greatequal for signal <win1$cmp_ge0050> created at line 134.
    Found 10-bit comparator greatequal for signal <win1$cmp_ge0051> created at line 134.
    Found 10-bit comparator greatequal for signal <win1$cmp_ge0052> created at line 134.
    Found 10-bit comparator greatequal for signal <win1$cmp_ge0053> created at line 134.
    Found 10-bit comparator greatequal for signal <win1$cmp_ge0054> created at line 134.
    Found 10-bit comparator greatequal for signal <win1$cmp_ge0055> created at line 134.
    Found 10-bit comparator greatequal for signal <win1$cmp_ge0056> created at line 134.
    Found 10-bit comparator greatequal for signal <win1$cmp_ge0057> created at line 134.
    Found 10-bit comparator greatequal for signal <win1$cmp_ge0058> created at line 134.
    Found 10-bit comparator greatequal for signal <win1$cmp_ge0059> created at line 134.
    Found 10-bit comparator greatequal for signal <win1$cmp_ge0060> created at line 134.
    Found 10-bit comparator greatequal for signal <win1$cmp_ge0061> created at line 134.
    Found 10-bit comparator greatequal for signal <win1$cmp_ge0062> created at line 134.
    Found 10-bit comparator greatequal for signal <win1$cmp_ge0063> created at line 134.
    Found 10-bit comparator greatequal for signal <win1$cmp_ge0064> created at line 134.
    Found 10-bit comparator greatequal for signal <win1$cmp_ge0065> created at line 134.
    Found 10-bit comparator greatequal for signal <win1$cmp_ge0066> created at line 134.
    Found 10-bit comparator greatequal for signal <win1$cmp_ge0067> created at line 134.
    Found 10-bit comparator greatequal for signal <win1$cmp_ge0068> created at line 134.
    Found 10-bit comparator greatequal for signal <win1$cmp_ge0069> created at line 134.
    Found 10-bit comparator greatequal for signal <win1$cmp_ge0070> created at line 134.
    Found 10-bit comparator greatequal for signal <win1$cmp_ge0071> created at line 134.
    Found 10-bit comparator greatequal for signal <win1$cmp_ge0072> created at line 134.
    Found 10-bit comparator greatequal for signal <win1$cmp_ge0073> created at line 134.
    Found 10-bit comparator greatequal for signal <win1$cmp_ge0074> created at line 134.
    Found 10-bit comparator greatequal for signal <win1$cmp_ge0075> created at line 134.
    Found 10-bit comparator greatequal for signal <win1$cmp_ge0076> created at line 134.
    Found 10-bit comparator greatequal for signal <win1$cmp_ge0077> created at line 134.
    Found 10-bit comparator greatequal for signal <win1$cmp_ge0078> created at line 134.
    Found 10-bit comparator greatequal for signal <win1$cmp_ge0079> created at line 134.
    Found 10-bit comparator greatequal for signal <win1$cmp_ge0080> created at line 134.
    Found 10-bit comparator greatequal for signal <win1$cmp_ge0081> created at line 134.
    Found 10-bit comparator greatequal for signal <win1$cmp_ge0082> created at line 134.
    Found 10-bit comparator greatequal for signal <win1$cmp_ge0083> created at line 134.
    Found 10-bit comparator greatequal for signal <win1$cmp_ge0084> created at line 134.
    Found 10-bit comparator greatequal for signal <win1$cmp_ge0085> created at line 134.
    Found 10-bit comparator greatequal for signal <win1$cmp_ge0086> created at line 134.
    Found 10-bit comparator greatequal for signal <win1$cmp_ge0087> created at line 134.
    Found 10-bit comparator greatequal for signal <win1$cmp_ge0088> created at line 134.
    Found 10-bit comparator greatequal for signal <win1$cmp_ge0089> created at line 134.
    Found 10-bit comparator greatequal for signal <win1$cmp_ge0090> created at line 134.
    Found 10-bit comparator greatequal for signal <win1$cmp_ge0091> created at line 134.
    Found 10-bit comparator greatequal for signal <win1$cmp_ge0092> created at line 134.
    Found 10-bit comparator greatequal for signal <win1$cmp_ge0093> created at line 134.
    Found 10-bit comparator greatequal for signal <win1$cmp_ge0094> created at line 134.
    Found 10-bit comparator greatequal for signal <win1$cmp_ge0095> created at line 134.
    Found 10-bit comparator greatequal for signal <win1$cmp_ge0096> created at line 134.
    Found 10-bit comparator greatequal for signal <win1$cmp_ge0097> created at line 134.
    Found 10-bit comparator greatequal for signal <win1$cmp_ge0098> created at line 134.
    Found 10-bit comparator greatequal for signal <win1$cmp_ge0099> created at line 134.
    Found 10-bit comparator greatequal for signal <win1$cmp_ge0100> created at line 134.
    Found 10-bit comparator greatequal for signal <win1$cmp_ge0101> created at line 134.
    Found 10-bit comparator greatequal for signal <win1$cmp_ge0102> created at line 134.
    Found 10-bit comparator greatequal for signal <win1$cmp_ge0103> created at line 134.
    Found 10-bit comparator greatequal for signal <win1$cmp_ge0104> created at line 134.
    Found 10-bit comparator greatequal for signal <win1$cmp_ge0105> created at line 134.
    Found 10-bit comparator greatequal for signal <win1$cmp_ge0106> created at line 134.
    Found 10-bit comparator greatequal for signal <win1$cmp_ge0107> created at line 134.
    Found 10-bit comparator greatequal for signal <win1$cmp_ge0108> created at line 134.
    Found 10-bit comparator greatequal for signal <win1$cmp_ge0109> created at line 134.
    Found 10-bit comparator greatequal for signal <win1$cmp_ge0110> created at line 134.
    Found 10-bit comparator greatequal for signal <win1$cmp_ge0111> created at line 134.
    Found 10-bit comparator greatequal for signal <win1$cmp_ge0112> created at line 134.
    Found 10-bit comparator greatequal for signal <win1$cmp_ge0113> created at line 134.
    Found 10-bit comparator greatequal for signal <win1$cmp_ge0114> created at line 134.
    Found 10-bit comparator greatequal for signal <win1$cmp_ge0115> created at line 134.
    Found 10-bit comparator greatequal for signal <win1$cmp_ge0116> created at line 134.
    Found 10-bit comparator greatequal for signal <win1$cmp_ge0117> created at line 134.
    Found 10-bit comparator greatequal for signal <win1$cmp_ge0118> created at line 134.
    Found 10-bit comparator greatequal for signal <win1$cmp_ge0119> created at line 134.
    Found 10-bit comparator greatequal for signal <win1$cmp_ge0120> created at line 134.
    Found 10-bit comparator greatequal for signal <win1$cmp_ge0121> created at line 134.
    Found 10-bit comparator greatequal for signal <win1$cmp_ge0122> created at line 134.
    Found 10-bit comparator greatequal for signal <win1$cmp_ge0123> created at line 134.
    Found 10-bit comparator greatequal for signal <win1$cmp_ge0124> created at line 134.
    Found 10-bit comparator greatequal for signal <win1$cmp_ge0125> created at line 134.
    Found 10-bit comparator greatequal for signal <win1$cmp_ge0126> created at line 134.
    Found 10-bit comparator greatequal for signal <win1$cmp_ge0127> created at line 134.
    Found 10-bit comparator greatequal for signal <win1$cmp_ge0128> created at line 134.
    Found 10-bit comparator greatequal for signal <win1$cmp_ge0129> created at line 134.
    Found 10-bit comparator greatequal for signal <win1$cmp_ge0130> created at line 134.
    Found 10-bit comparator greatequal for signal <win1$cmp_ge0131> created at line 134.
    Found 10-bit comparator greatequal for signal <win1$cmp_ge0132> created at line 134.
    Found 10-bit comparator greatequal for signal <win1$cmp_ge0133> created at line 134.
    Found 10-bit comparator greatequal for signal <win1$cmp_ge0134> created at line 134.
    Found 10-bit comparator greatequal for signal <win1$cmp_ge0135> created at line 134.
    Found 10-bit comparator greatequal for signal <win1$cmp_ge0136> created at line 134.
    Found 10-bit comparator greatequal for signal <win1$cmp_ge0137> created at line 134.
    Found 10-bit comparator greatequal for signal <win1$cmp_ge0138> created at line 134.
    Found 10-bit comparator greatequal for signal <win1$cmp_ge0139> created at line 134.
    Found 10-bit comparator greatequal for signal <win1$cmp_ge0140> created at line 134.
    Found 10-bit comparator greatequal for signal <win1$cmp_ge0141> created at line 134.
    Found 10-bit comparator greatequal for signal <win1$cmp_ge0142> created at line 134.
    Found 10-bit comparator greatequal for signal <win1$cmp_ge0143> created at line 134.
    Found 10-bit comparator greatequal for signal <win1$cmp_ge0144> created at line 134.
    Found 10-bit comparator greatequal for signal <win1$cmp_ge0145> created at line 134.
    Found 10-bit comparator greatequal for signal <win1$cmp_ge0146> created at line 134.
    Found 10-bit comparator greatequal for signal <win1$cmp_ge0147> created at line 134.
    Found 10-bit comparator greatequal for signal <win1$cmp_ge0148> created at line 134.
    Found 10-bit comparator greatequal for signal <win1$cmp_ge0149> created at line 134.
    Found 10-bit comparator greatequal for signal <win1$cmp_ge0150> created at line 134.
    Found 10-bit comparator greatequal for signal <win1$cmp_ge0151> created at line 134.
    Found 10-bit comparator greatequal for signal <win1$cmp_ge0152> created at line 134.
    Found 10-bit comparator greatequal for signal <win1$cmp_ge0153> created at line 134.
    Found 10-bit comparator greatequal for signal <win1$cmp_ge0154> created at line 134.
    Found 10-bit comparator greatequal for signal <win1$cmp_ge0155> created at line 134.
    Found 10-bit comparator greatequal for signal <win1$cmp_ge0156> created at line 134.
    Found 10-bit comparator greatequal for signal <win1$cmp_ge0157> created at line 134.
    Found 10-bit comparator greatequal for signal <win1$cmp_ge0158> created at line 134.
    Found 10-bit comparator greatequal for signal <win1$cmp_ge0159> created at line 134.
    Found 10-bit comparator greatequal for signal <win1$cmp_ge0160> created at line 134.
    Found 10-bit comparator greatequal for signal <win1$cmp_ge0161> created at line 134.
    Found 10-bit comparator greatequal for signal <win1$cmp_ge0162> created at line 134.
    Found 10-bit comparator greatequal for signal <win1$cmp_ge0163> created at line 134.
    Found 10-bit comparator greatequal for signal <win1$cmp_ge0164> created at line 134.
    Found 10-bit comparator greatequal for signal <win1$cmp_ge0165> created at line 134.
    Found 10-bit comparator greatequal for signal <win1$cmp_ge0166> created at line 134.
    Found 10-bit comparator greatequal for signal <win1$cmp_ge0167> created at line 134.
    Found 10-bit comparator greatequal for signal <win1$cmp_ge0168> created at line 134.
    Found 10-bit comparator greatequal for signal <win1$cmp_ge0169> created at line 134.
    Found 10-bit comparator greatequal for signal <win1$cmp_ge0170> created at line 134.
    Found 10-bit comparator greatequal for signal <win1$cmp_ge0171> created at line 134.
    Found 10-bit comparator greatequal for signal <win1$cmp_ge0172> created at line 134.
    Found 10-bit comparator greatequal for signal <win1$cmp_ge0173> created at line 134.
    Found 10-bit comparator greatequal for signal <win1$cmp_ge0174> created at line 134.
    Found 10-bit comparator greatequal for signal <win1$cmp_ge0175> created at line 134.
    Found 10-bit comparator greatequal for signal <win1$cmp_ge0176> created at line 134.
    Found 10-bit comparator greatequal for signal <win1$cmp_ge0177> created at line 134.
    Found 10-bit comparator greatequal for signal <win1$cmp_ge0178> created at line 134.
    Found 10-bit comparator greatequal for signal <win1$cmp_ge0179> created at line 134.
    Found 10-bit comparator greatequal for signal <win1$cmp_ge0180> created at line 134.
    Found 10-bit comparator greatequal for signal <win1$cmp_ge0181> created at line 134.
    Found 10-bit comparator greatequal for signal <win1$cmp_ge0182> created at line 134.
    Found 10-bit comparator greatequal for signal <win1$cmp_ge0183> created at line 134.
    Found 10-bit comparator greatequal for signal <win1$cmp_ge0184> created at line 134.
    Found 10-bit comparator greatequal for signal <win1$cmp_ge0185> created at line 134.
    Found 10-bit comparator greatequal for signal <win1$cmp_ge0186> created at line 134.
    Found 10-bit comparator greatequal for signal <win1$cmp_ge0187> created at line 134.
    Found 10-bit comparator greatequal for signal <win1$cmp_ge0188> created at line 134.
    Found 10-bit comparator greatequal for signal <win1$cmp_ge0189> created at line 134.
    Found 10-bit comparator greatequal for signal <win1$cmp_ge0190> created at line 134.
    Found 10-bit comparator greatequal for signal <win1$cmp_ge0191> created at line 134.
    Found 10-bit comparator greatequal for signal <win1$cmp_ge0192> created at line 134.
    Found 10-bit comparator greatequal for signal <win1$cmp_ge0193> created at line 134.
    Found 10-bit comparator greatequal for signal <win1$cmp_ge0194> created at line 134.
    Found 10-bit comparator greatequal for signal <win1$cmp_ge0195> created at line 134.
    Found 10-bit comparator greatequal for signal <win1$cmp_ge0196> created at line 134.
    Found 10-bit comparator greatequal for signal <win1$cmp_ge0197> created at line 134.
    Found 10-bit comparator greatequal for signal <win1$cmp_ge0198> created at line 134.
    Found 10-bit comparator greatequal for signal <win1$cmp_ge0199> created at line 134.
    Found 10-bit comparator greatequal for signal <win1$cmp_ge0200> created at line 134.
    Found 10-bit comparator greatequal for signal <win1$cmp_ge0201> created at line 134.
    Found 10-bit comparator greatequal for signal <win1$cmp_ge0202> created at line 134.
    Found 10-bit comparator greatequal for signal <win1$cmp_ge0203> created at line 134.
    Found 10-bit comparator greatequal for signal <win1$cmp_ge0204> created at line 134.
    Found 10-bit comparator greatequal for signal <win1$cmp_ge0205> created at line 134.
    Found 10-bit comparator greatequal for signal <win1$cmp_ge0206> created at line 134.
    Found 10-bit comparator greatequal for signal <win1$cmp_ge0207> created at line 134.
    Found 10-bit comparator greatequal for signal <win1$cmp_ge0208> created at line 134.
    Found 10-bit comparator greatequal for signal <win1$cmp_ge0209> created at line 134.
    Found 10-bit comparator greatequal for signal <win1$cmp_ge0210> created at line 134.
    Found 10-bit comparator greatequal for signal <win1$cmp_ge0211> created at line 134.
    Found 10-bit comparator greatequal for signal <win1$cmp_ge0212> created at line 134.
    Found 10-bit comparator greatequal for signal <win1$cmp_ge0213> created at line 134.
    Found 10-bit comparator greatequal for signal <win1$cmp_ge0214> created at line 134.
    Found 10-bit comparator greatequal for signal <win1$cmp_ge0215> created at line 134.
    Found 10-bit comparator greatequal for signal <win1$cmp_ge0216> created at line 134.
    Found 10-bit comparator greatequal for signal <win1$cmp_ge0217> created at line 134.
    Found 10-bit comparator greatequal for signal <win1$cmp_ge0218> created at line 134.
    Found 10-bit comparator greatequal for signal <win1$cmp_ge0219> created at line 134.
    Found 10-bit comparator greatequal for signal <win1$cmp_ge0220> created at line 134.
    Found 10-bit comparator greatequal for signal <win1$cmp_ge0221> created at line 134.
    Found 10-bit comparator greatequal for signal <win1$cmp_ge0222> created at line 134.
    Found 10-bit comparator greatequal for signal <win1$cmp_ge0223> created at line 134.
    Found 10-bit comparator greatequal for signal <win1$cmp_ge0224> created at line 134.
    Found 10-bit comparator greatequal for signal <win1$cmp_ge0225> created at line 134.
    Found 10-bit comparator greatequal for signal <win1$cmp_ge0226> created at line 134.
    Found 10-bit comparator greatequal for signal <win1$cmp_ge0227> created at line 134.
    Found 10-bit comparator greatequal for signal <win1$cmp_ge0228> created at line 134.
    Found 10-bit comparator greatequal for signal <win1$cmp_ge0229> created at line 134.
    Found 10-bit comparator greatequal for signal <win1$cmp_ge0230> created at line 134.
    Found 10-bit comparator greatequal for signal <win1$cmp_ge0231> created at line 134.
    Found 10-bit comparator greatequal for signal <win1$cmp_ge0232> created at line 134.
    Found 10-bit comparator greatequal for signal <win1$cmp_ge0233> created at line 134.
    Found 10-bit comparator greatequal for signal <win1$cmp_ge0234> created at line 134.
    Found 10-bit comparator greatequal for signal <win1$cmp_ge0235> created at line 134.
    Found 10-bit comparator greatequal for signal <win1$cmp_ge0236> created at line 134.
    Found 10-bit comparator greatequal for signal <win1$cmp_ge0237> created at line 134.
    Found 10-bit comparator greatequal for signal <win1$cmp_ge0238> created at line 134.
    Found 10-bit comparator greatequal for signal <win1$cmp_ge0239> created at line 134.
    Found 10-bit comparator greatequal for signal <win1$cmp_ge0240> created at line 134.
    Found 10-bit comparator greatequal for signal <win1$cmp_ge0241> created at line 134.
    Found 10-bit comparator greatequal for signal <win1$cmp_ge0242> created at line 134.
    Found 10-bit comparator greatequal for signal <win1$cmp_ge0243> created at line 134.
    Found 10-bit comparator greatequal for signal <win1$cmp_ge0244> created at line 134.
    Found 10-bit comparator greatequal for signal <win1$cmp_ge0245> created at line 134.
    Found 10-bit comparator greatequal for signal <win1$cmp_ge0246> created at line 134.
    Found 10-bit comparator greatequal for signal <win1$cmp_ge0247> created at line 134.
    Found 10-bit comparator greatequal for signal <win1$cmp_ge0248> created at line 134.
    Found 10-bit comparator greatequal for signal <win1$cmp_ge0249> created at line 134.
    Found 10-bit comparator greatequal for signal <win1$cmp_ge0250> created at line 134.
    Found 10-bit comparator greatequal for signal <win1$cmp_ge0251> created at line 134.
    Found 10-bit comparator greatequal for signal <win1$cmp_ge0252> created at line 134.
    Found 10-bit comparator greatequal for signal <win1$cmp_ge0253> created at line 134.
    Found 10-bit comparator greatequal for signal <win1$cmp_ge0254> created at line 134.
    Found 10-bit comparator greatequal for signal <win1$cmp_ge0255> created at line 134.
    Found 10-bit comparator greatequal for signal <win1$cmp_ge0256> created at line 134.
    Found 10-bit comparator greatequal for signal <win1$cmp_ge0257> created at line 134.
    Found 10-bit comparator greatequal for signal <win1$cmp_ge0258> created at line 134.
    Found 10-bit comparator greatequal for signal <win1$cmp_ge0259> created at line 134.
    Found 10-bit comparator greatequal for signal <win1$cmp_ge0260> created at line 134.
    Found 10-bit comparator greatequal for signal <win1$cmp_ge0261> created at line 134.
    Found 10-bit comparator greatequal for signal <win1$cmp_ge0262> created at line 134.
    Found 10-bit comparator greatequal for signal <win1$cmp_ge0263> created at line 134.
    Found 10-bit comparator greatequal for signal <win1$cmp_ge0264> created at line 134.
    Found 10-bit comparator greatequal for signal <win1$cmp_ge0265> created at line 134.
    Found 10-bit comparator greatequal for signal <win1$cmp_ge0266> created at line 134.
    Found 10-bit comparator greatequal for signal <win1$cmp_ge0267> created at line 134.
    Found 10-bit comparator greatequal for signal <win1$cmp_ge0268> created at line 134.
    Found 10-bit comparator greatequal for signal <win1$cmp_ge0269> created at line 134.
    Found 10-bit comparator greatequal for signal <win1$cmp_ge0270> created at line 134.
    Found 10-bit comparator greatequal for signal <win1$cmp_ge0271> created at line 134.
    Found 10-bit comparator greatequal for signal <win1$cmp_ge0272> created at line 134.
    Found 10-bit comparator greatequal for signal <win1$cmp_ge0273> created at line 134.
    Found 10-bit comparator greatequal for signal <win1$cmp_ge0274> created at line 134.
    Found 10-bit comparator greatequal for signal <win1$cmp_ge0275> created at line 134.
    Found 10-bit comparator greatequal for signal <win1$cmp_ge0276> created at line 134.
    Found 10-bit comparator greatequal for signal <win1$cmp_ge0277> created at line 134.
    Found 10-bit comparator greatequal for signal <win1$cmp_ge0278> created at line 134.
    Found 10-bit comparator greatequal for signal <win1$cmp_ge0279> created at line 134.
    Found 10-bit comparator greatequal for signal <win1$cmp_ge0280> created at line 134.
    Found 10-bit comparator greatequal for signal <win1$cmp_ge0281> created at line 134.
    Found 10-bit comparator greatequal for signal <win1$cmp_ge0282> created at line 134.
    Found 10-bit comparator greatequal for signal <win1$cmp_ge0283> created at line 134.
    Found 10-bit comparator greatequal for signal <win1$cmp_ge0284> created at line 134.
    Found 10-bit comparator greatequal for signal <win1$cmp_ge0285> created at line 134.
    Found 10-bit comparator greatequal for signal <win1$cmp_ge0286> created at line 134.
    Found 10-bit comparator greatequal for signal <win1$cmp_ge0287> created at line 134.
    Found 10-bit comparator greatequal for signal <win1$cmp_ge0288> created at line 134.
    Found 10-bit comparator greatequal for signal <win1$cmp_ge0289> created at line 134.
    Found 10-bit comparator greatequal for signal <win1$cmp_ge0290> created at line 134.
    Found 10-bit comparator lessequal for signal <win1$cmp_le0000> created at line 134.
    Found 10-bit comparator lessequal for signal <win1$cmp_le0001> created at line 134.
    Found 10-bit comparator lessequal for signal <win1$cmp_le0002> created at line 134.
    Found 10-bit comparator lessequal for signal <win1$cmp_le0003> created at line 134.
    Found 10-bit comparator lessequal for signal <win1$cmp_le0004> created at line 134.
    Found 10-bit comparator lessequal for signal <win1$cmp_le0005> created at line 134.
    Found 10-bit comparator lessequal for signal <win1$cmp_le0006> created at line 134.
    Found 10-bit comparator lessequal for signal <win1$cmp_le0007> created at line 134.
    Found 10-bit comparator lessequal for signal <win1$cmp_le0008> created at line 134.
    Found 10-bit comparator lessequal for signal <win1$cmp_le0009> created at line 134.
    Found 10-bit comparator lessequal for signal <win1$cmp_le0010> created at line 134.
    Found 10-bit comparator lessequal for signal <win1$cmp_le0011> created at line 134.
    Found 10-bit comparator lessequal for signal <win1$cmp_le0012> created at line 134.
    Found 10-bit comparator lessequal for signal <win1$cmp_le0013> created at line 134.
    Found 10-bit comparator lessequal for signal <win1$cmp_le0014> created at line 134.
    Found 10-bit comparator lessequal for signal <win1$cmp_le0015> created at line 134.
    Found 10-bit comparator lessequal for signal <win1$cmp_le0016> created at line 134.
    Found 10-bit comparator lessequal for signal <win1$cmp_le0017> created at line 134.
    Found 10-bit comparator lessequal for signal <win1$cmp_le0018> created at line 134.
    Found 10-bit comparator lessequal for signal <win1$cmp_le0019> created at line 134.
    Found 10-bit comparator lessequal for signal <win1$cmp_le0020> created at line 134.
    Found 10-bit comparator lessequal for signal <win1$cmp_le0021> created at line 134.
    Found 10-bit comparator lessequal for signal <win1$cmp_le0022> created at line 134.
    Found 10-bit comparator lessequal for signal <win1$cmp_le0023> created at line 134.
    Found 10-bit comparator lessequal for signal <win1$cmp_le0024> created at line 134.
    Found 10-bit comparator lessequal for signal <win1$cmp_le0025> created at line 134.
    Found 10-bit comparator lessequal for signal <win1$cmp_le0026> created at line 134.
    Found 10-bit comparator lessequal for signal <win1$cmp_le0027> created at line 134.
    Found 10-bit comparator lessequal for signal <win1$cmp_le0028> created at line 134.
    Found 10-bit comparator lessequal for signal <win1$cmp_le0029> created at line 134.
    Found 10-bit comparator lessequal for signal <win1$cmp_le0030> created at line 134.
    Found 10-bit comparator lessequal for signal <win1$cmp_le0031> created at line 134.
    Found 10-bit comparator lessequal for signal <win1$cmp_le0032> created at line 134.
    Found 10-bit comparator lessequal for signal <win1$cmp_le0033> created at line 134.
    Found 10-bit comparator lessequal for signal <win1$cmp_le0034> created at line 134.
    Found 10-bit comparator lessequal for signal <win1$cmp_le0035> created at line 134.
    Found 10-bit comparator lessequal for signal <win1$cmp_le0036> created at line 134.
    Found 10-bit comparator lessequal for signal <win1$cmp_le0037> created at line 134.
    Found 10-bit comparator lessequal for signal <win1$cmp_le0038> created at line 134.
    Found 10-bit comparator lessequal for signal <win1$cmp_le0039> created at line 134.
    Found 10-bit comparator lessequal for signal <win1$cmp_le0040> created at line 134.
    Found 10-bit comparator lessequal for signal <win1$cmp_le0041> created at line 134.
    Found 10-bit comparator lessequal for signal <win1$cmp_le0042> created at line 134.
    Found 10-bit comparator lessequal for signal <win1$cmp_le0043> created at line 134.
    Found 10-bit comparator lessequal for signal <win1$cmp_le0044> created at line 134.
    Found 10-bit comparator lessequal for signal <win1$cmp_le0045> created at line 134.
    Found 10-bit comparator lessequal for signal <win1$cmp_le0046> created at line 134.
    Found 10-bit comparator lessequal for signal <win1$cmp_le0047> created at line 134.
    Found 10-bit comparator lessequal for signal <win1$cmp_le0048> created at line 134.
    Found 10-bit comparator lessequal for signal <win1$cmp_le0049> created at line 134.
    Found 10-bit comparator lessequal for signal <win1$cmp_le0050> created at line 134.
    Found 10-bit comparator lessequal for signal <win1$cmp_le0051> created at line 134.
    Found 10-bit comparator lessequal for signal <win1$cmp_le0052> created at line 134.
    Found 10-bit comparator lessequal for signal <win1$cmp_le0053> created at line 134.
    Found 10-bit comparator lessequal for signal <win1$cmp_le0054> created at line 134.
    Found 10-bit comparator lessequal for signal <win1$cmp_le0055> created at line 134.
    Found 10-bit comparator lessequal for signal <win1$cmp_le0056> created at line 134.
    Found 10-bit comparator lessequal for signal <win1$cmp_le0057> created at line 134.
    Found 10-bit comparator lessequal for signal <win1$cmp_le0058> created at line 134.
    Found 10-bit comparator lessequal for signal <win1$cmp_le0059> created at line 134.
    Found 10-bit comparator lessequal for signal <win1$cmp_le0060> created at line 134.
    Found 10-bit comparator lessequal for signal <win1$cmp_le0061> created at line 134.
    Found 10-bit comparator lessequal for signal <win1$cmp_le0062> created at line 134.
    Found 10-bit comparator lessequal for signal <win1$cmp_le0063> created at line 134.
    Found 10-bit comparator lessequal for signal <win1$cmp_le0064> created at line 134.
    Found 10-bit comparator lessequal for signal <win1$cmp_le0065> created at line 134.
    Found 10-bit comparator lessequal for signal <win1$cmp_le0066> created at line 134.
    Found 10-bit comparator lessequal for signal <win1$cmp_le0067> created at line 134.
    Found 10-bit comparator lessequal for signal <win1$cmp_le0068> created at line 134.
    Found 10-bit comparator lessequal for signal <win1$cmp_le0069> created at line 134.
    Found 10-bit comparator lessequal for signal <win1$cmp_le0070> created at line 134.
    Found 10-bit comparator lessequal for signal <win1$cmp_le0071> created at line 134.
    Found 10-bit comparator lessequal for signal <win1$cmp_le0072> created at line 134.
    Found 10-bit comparator lessequal for signal <win1$cmp_le0073> created at line 134.
    Found 10-bit comparator lessequal for signal <win1$cmp_le0074> created at line 134.
    Found 10-bit comparator lessequal for signal <win1$cmp_le0075> created at line 134.
    Found 10-bit comparator lessequal for signal <win1$cmp_le0076> created at line 134.
    Found 10-bit comparator lessequal for signal <win1$cmp_le0077> created at line 134.
    Found 10-bit comparator lessequal for signal <win1$cmp_le0078> created at line 134.
    Found 10-bit comparator lessequal for signal <win1$cmp_le0079> created at line 134.
    Found 10-bit comparator lessequal for signal <win1$cmp_le0080> created at line 134.
    Found 10-bit comparator lessequal for signal <win1$cmp_le0081> created at line 134.
    Found 10-bit comparator lessequal for signal <win1$cmp_le0082> created at line 134.
    Found 10-bit comparator lessequal for signal <win1$cmp_le0083> created at line 134.
    Found 10-bit comparator lessequal for signal <win1$cmp_le0084> created at line 134.
    Found 10-bit comparator lessequal for signal <win1$cmp_le0085> created at line 134.
    Found 10-bit comparator lessequal for signal <win1$cmp_le0086> created at line 134.
    Found 10-bit comparator lessequal for signal <win1$cmp_le0087> created at line 134.
    Found 10-bit comparator lessequal for signal <win1$cmp_le0088> created at line 134.
    Found 10-bit comparator lessequal for signal <win1$cmp_le0089> created at line 134.
    Found 10-bit comparator lessequal for signal <win1$cmp_le0090> created at line 134.
    Found 10-bit comparator lessequal for signal <win1$cmp_le0091> created at line 134.
    Found 10-bit comparator lessequal for signal <win1$cmp_le0092> created at line 134.
    Found 10-bit comparator lessequal for signal <win1$cmp_le0093> created at line 134.
    Found 10-bit comparator lessequal for signal <win1$cmp_le0094> created at line 134.
    Found 10-bit comparator lessequal for signal <win1$cmp_le0095> created at line 134.
    Found 10-bit comparator lessequal for signal <win1$cmp_le0096> created at line 134.
    Found 10-bit comparator lessequal for signal <win1$cmp_le0097> created at line 134.
    Found 10-bit comparator lessequal for signal <win1$cmp_le0098> created at line 134.
    Found 10-bit comparator lessequal for signal <win1$cmp_le0099> created at line 134.
    Found 10-bit comparator lessequal for signal <win1$cmp_le0100> created at line 134.
    Found 10-bit comparator lessequal for signal <win1$cmp_le0101> created at line 134.
    Found 10-bit comparator lessequal for signal <win1$cmp_le0102> created at line 134.
    Found 10-bit comparator lessequal for signal <win1$cmp_le0103> created at line 134.
    Found 10-bit comparator lessequal for signal <win1$cmp_le0104> created at line 134.
    Found 10-bit comparator lessequal for signal <win1$cmp_le0105> created at line 134.
    Found 10-bit comparator lessequal for signal <win1$cmp_le0106> created at line 134.
    Found 10-bit comparator lessequal for signal <win1$cmp_le0107> created at line 134.
    Found 10-bit comparator lessequal for signal <win1$cmp_le0108> created at line 134.
    Found 10-bit comparator lessequal for signal <win1$cmp_le0109> created at line 134.
    Found 10-bit comparator lessequal for signal <win1$cmp_le0110> created at line 134.
    Found 10-bit comparator lessequal for signal <win1$cmp_le0111> created at line 134.
    Found 10-bit comparator lessequal for signal <win1$cmp_le0112> created at line 134.
    Found 10-bit comparator lessequal for signal <win1$cmp_le0113> created at line 134.
    Found 10-bit comparator lessequal for signal <win1$cmp_le0114> created at line 134.
    Found 10-bit comparator lessequal for signal <win1$cmp_le0115> created at line 134.
    Found 10-bit comparator lessequal for signal <win1$cmp_le0116> created at line 134.
    Found 10-bit comparator lessequal for signal <win1$cmp_le0117> created at line 134.
    Found 10-bit comparator lessequal for signal <win1$cmp_le0118> created at line 134.
    Found 10-bit comparator lessequal for signal <win1$cmp_le0119> created at line 134.
    Found 10-bit comparator lessequal for signal <win1$cmp_le0120> created at line 134.
    Found 10-bit comparator lessequal for signal <win1$cmp_le0121> created at line 134.
    Found 10-bit comparator lessequal for signal <win1$cmp_le0122> created at line 134.
    Found 10-bit comparator lessequal for signal <win1$cmp_le0123> created at line 134.
    Found 10-bit comparator lessequal for signal <win1$cmp_le0124> created at line 134.
    Found 10-bit comparator lessequal for signal <win1$cmp_le0125> created at line 134.
    Found 10-bit comparator lessequal for signal <win1$cmp_le0126> created at line 134.
    Found 10-bit comparator lessequal for signal <win1$cmp_le0127> created at line 134.
    Found 10-bit comparator lessequal for signal <win1$cmp_le0128> created at line 134.
    Found 10-bit comparator lessequal for signal <win1$cmp_le0129> created at line 134.
    Found 10-bit comparator lessequal for signal <win1$cmp_le0130> created at line 134.
    Found 10-bit comparator lessequal for signal <win1$cmp_le0131> created at line 134.
    Found 10-bit comparator lessequal for signal <win1$cmp_le0132> created at line 134.
    Found 10-bit comparator lessequal for signal <win1$cmp_le0133> created at line 134.
    Found 10-bit comparator lessequal for signal <win1$cmp_le0134> created at line 134.
    Found 10-bit comparator lessequal for signal <win1$cmp_le0135> created at line 134.
    Found 10-bit comparator lessequal for signal <win1$cmp_le0136> created at line 134.
    Found 10-bit comparator lessequal for signal <win1$cmp_le0137> created at line 134.
    Found 10-bit comparator lessequal for signal <win1$cmp_le0138> created at line 134.
    Found 10-bit comparator lessequal for signal <win1$cmp_le0139> created at line 134.
    Found 10-bit comparator lessequal for signal <win1$cmp_le0140> created at line 134.
    Found 10-bit comparator lessequal for signal <win1$cmp_le0141> created at line 134.
    Found 10-bit comparator lessequal for signal <win1$cmp_le0142> created at line 134.
    Found 10-bit comparator lessequal for signal <win1$cmp_le0143> created at line 134.
    Found 10-bit comparator lessequal for signal <win1$cmp_le0144> created at line 134.
    Found 10-bit comparator lessequal for signal <win1$cmp_le0145> created at line 134.
    Found 10-bit comparator lessequal for signal <win1$cmp_le0146> created at line 134.
    Found 10-bit comparator lessequal for signal <win1$cmp_le0147> created at line 134.
    Found 10-bit comparator lessequal for signal <win1$cmp_le0148> created at line 134.
    Found 10-bit comparator lessequal for signal <win1$cmp_le0149> created at line 134.
    Found 10-bit comparator lessequal for signal <win1$cmp_le0150> created at line 134.
    Found 10-bit comparator lessequal for signal <win1$cmp_le0151> created at line 134.
    Found 10-bit comparator lessequal for signal <win1$cmp_le0152> created at line 134.
    Found 10-bit comparator lessequal for signal <win1$cmp_le0153> created at line 134.
    Found 10-bit comparator lessequal for signal <win1$cmp_le0154> created at line 134.
    Found 10-bit comparator lessequal for signal <win1$cmp_le0155> created at line 134.
    Found 10-bit comparator lessequal for signal <win1$cmp_le0156> created at line 134.
    Found 10-bit comparator lessequal for signal <win1$cmp_le0157> created at line 134.
    Found 10-bit comparator lessequal for signal <win1$cmp_le0158> created at line 134.
    Found 10-bit comparator lessequal for signal <win1$cmp_le0159> created at line 134.
    Found 10-bit comparator lessequal for signal <win1$cmp_le0160> created at line 134.
    Found 10-bit comparator lessequal for signal <win1$cmp_le0161> created at line 134.
    Found 10-bit comparator lessequal for signal <win1$cmp_le0162> created at line 134.
    Found 10-bit comparator lessequal for signal <win1$cmp_le0163> created at line 134.
    Found 10-bit comparator lessequal for signal <win1$cmp_le0164> created at line 134.
    Found 10-bit comparator lessequal for signal <win1$cmp_le0165> created at line 134.
    Found 10-bit comparator lessequal for signal <win1$cmp_le0166> created at line 134.
    Found 10-bit comparator lessequal for signal <win1$cmp_le0167> created at line 134.
    Found 10-bit comparator lessequal for signal <win1$cmp_le0168> created at line 134.
    Found 10-bit comparator lessequal for signal <win1$cmp_le0169> created at line 134.
    Found 10-bit comparator lessequal for signal <win1$cmp_le0170> created at line 134.
    Found 10-bit comparator lessequal for signal <win1$cmp_le0171> created at line 134.
    Found 10-bit comparator lessequal for signal <win1$cmp_le0172> created at line 134.
    Found 10-bit comparator lessequal for signal <win1$cmp_le0173> created at line 134.
    Found 10-bit comparator lessequal for signal <win1$cmp_le0174> created at line 134.
    Found 10-bit comparator lessequal for signal <win1$cmp_le0175> created at line 134.
    Found 10-bit comparator lessequal for signal <win1$cmp_le0176> created at line 134.
    Found 10-bit comparator lessequal for signal <win1$cmp_le0177> created at line 134.
    Found 10-bit comparator lessequal for signal <win1$cmp_le0178> created at line 134.
    Found 10-bit comparator lessequal for signal <win1$cmp_le0179> created at line 134.
    Found 10-bit comparator lessequal for signal <win1$cmp_le0180> created at line 134.
    Found 10-bit comparator lessequal for signal <win1$cmp_le0181> created at line 134.
    Found 10-bit comparator lessequal for signal <win1$cmp_le0182> created at line 134.
    Found 10-bit comparator lessequal for signal <win1$cmp_le0183> created at line 134.
    Found 10-bit comparator lessequal for signal <win1$cmp_le0184> created at line 134.
    Found 10-bit comparator lessequal for signal <win1$cmp_le0185> created at line 134.
    Found 10-bit comparator lessequal for signal <win1$cmp_le0186> created at line 134.
    Found 10-bit comparator lessequal for signal <win1$cmp_le0187> created at line 134.
    Found 10-bit comparator lessequal for signal <win1$cmp_le0188> created at line 134.
    Found 10-bit comparator lessequal for signal <win1$cmp_le0189> created at line 134.
    Found 10-bit comparator lessequal for signal <win1$cmp_le0190> created at line 134.
    Found 10-bit comparator lessequal for signal <win1$cmp_le0191> created at line 134.
    Found 10-bit comparator lessequal for signal <win1$cmp_le0192> created at line 134.
    Found 10-bit comparator lessequal for signal <win1$cmp_le0193> created at line 134.
    Found 10-bit comparator lessequal for signal <win1$cmp_le0194> created at line 134.
    Found 10-bit comparator lessequal for signal <win1$cmp_le0195> created at line 134.
    Found 10-bit comparator lessequal for signal <win1$cmp_le0196> created at line 134.
    Found 10-bit comparator lessequal for signal <win1$cmp_le0197> created at line 134.
    Found 10-bit comparator lessequal for signal <win1$cmp_le0198> created at line 134.
    Found 10-bit comparator lessequal for signal <win1$cmp_le0199> created at line 134.
    Found 10-bit comparator lessequal for signal <win1$cmp_le0200> created at line 134.
    Found 10-bit comparator lessequal for signal <win1$cmp_le0201> created at line 134.
    Found 10-bit comparator lessequal for signal <win1$cmp_le0202> created at line 134.
    Found 10-bit comparator lessequal for signal <win1$cmp_le0203> created at line 134.
    Found 10-bit comparator lessequal for signal <win1$cmp_le0204> created at line 134.
    Found 10-bit comparator lessequal for signal <win1$cmp_le0205> created at line 134.
    Found 10-bit comparator lessequal for signal <win1$cmp_le0206> created at line 134.
    Found 10-bit comparator lessequal for signal <win1$cmp_le0207> created at line 134.
    Found 10-bit comparator lessequal for signal <win1$cmp_le0208> created at line 134.
    Found 10-bit comparator lessequal for signal <win1$cmp_le0209> created at line 134.
    Found 10-bit comparator lessequal for signal <win1$cmp_le0210> created at line 134.
    Found 10-bit comparator lessequal for signal <win1$cmp_le0211> created at line 134.
    Found 10-bit comparator lessequal for signal <win1$cmp_le0212> created at line 134.
    Found 10-bit comparator lessequal for signal <win1$cmp_le0213> created at line 134.
    Found 10-bit comparator lessequal for signal <win1$cmp_le0214> created at line 134.
    Found 10-bit comparator lessequal for signal <win1$cmp_le0215> created at line 134.
    Found 10-bit comparator lessequal for signal <win1$cmp_le0216> created at line 134.
    Found 10-bit comparator lessequal for signal <win1$cmp_le0217> created at line 134.
    Found 10-bit comparator lessequal for signal <win1$cmp_le0218> created at line 134.
    Found 10-bit comparator lessequal for signal <win1$cmp_le0219> created at line 134.
    Found 10-bit comparator lessequal for signal <win1$cmp_le0220> created at line 134.
    Found 10-bit comparator lessequal for signal <win1$cmp_le0221> created at line 134.
    Found 10-bit comparator lessequal for signal <win1$cmp_le0222> created at line 134.
    Found 10-bit comparator lessequal for signal <win1$cmp_le0223> created at line 134.
    Found 10-bit comparator lessequal for signal <win1$cmp_le0224> created at line 134.
    Found 10-bit comparator lessequal for signal <win1$cmp_le0225> created at line 134.
    Found 10-bit comparator lessequal for signal <win1$cmp_le0226> created at line 134.
    Found 10-bit comparator lessequal for signal <win1$cmp_le0227> created at line 134.
    Found 10-bit comparator lessequal for signal <win1$cmp_le0228> created at line 134.
    Found 10-bit comparator lessequal for signal <win1$cmp_le0229> created at line 134.
    Found 10-bit comparator lessequal for signal <win1$cmp_le0230> created at line 134.
    Found 10-bit comparator lessequal for signal <win1$cmp_le0231> created at line 134.
    Found 10-bit comparator lessequal for signal <win1$cmp_le0232> created at line 134.
    Found 10-bit comparator lessequal for signal <win1$cmp_le0233> created at line 134.
    Found 10-bit comparator lessequal for signal <win1$cmp_le0234> created at line 134.
    Found 10-bit comparator lessequal for signal <win1$cmp_le0235> created at line 134.
    Found 10-bit comparator lessequal for signal <win1$cmp_le0236> created at line 134.
    Found 10-bit comparator lessequal for signal <win1$cmp_le0237> created at line 134.
    Found 10-bit comparator lessequal for signal <win1$cmp_le0238> created at line 134.
    Found 10-bit comparator lessequal for signal <win1$cmp_le0239> created at line 134.
    Found 10-bit comparator lessequal for signal <win1$cmp_le0240> created at line 134.
    Found 10-bit comparator lessequal for signal <win1$cmp_le0241> created at line 134.
    Found 10-bit comparator lessequal for signal <win1$cmp_le0242> created at line 134.
    Found 10-bit comparator lessequal for signal <win1$cmp_le0243> created at line 134.
    Found 10-bit comparator lessequal for signal <win1$cmp_le0244> created at line 134.
    Found 10-bit comparator lessequal for signal <win1$cmp_le0245> created at line 134.
    Found 10-bit comparator lessequal for signal <win1$cmp_le0246> created at line 134.
    Found 10-bit comparator lessequal for signal <win1$cmp_le0247> created at line 134.
    Found 10-bit comparator lessequal for signal <win1$cmp_le0248> created at line 134.
    Found 10-bit comparator lessequal for signal <win1$cmp_le0249> created at line 134.
    Found 10-bit comparator lessequal for signal <win1$cmp_le0250> created at line 134.
    Found 10-bit comparator lessequal for signal <win1$cmp_le0251> created at line 134.
    Found 10-bit comparator lessequal for signal <win1$cmp_le0252> created at line 134.
    Found 10-bit comparator lessequal for signal <win1$cmp_le0253> created at line 134.
    Found 10-bit comparator lessequal for signal <win1$cmp_le0254> created at line 134.
    Found 10-bit comparator lessequal for signal <win1$cmp_le0255> created at line 134.
    Found 10-bit comparator lessequal for signal <win1$cmp_le0256> created at line 134.
    Found 10-bit comparator lessequal for signal <win1$cmp_le0257> created at line 134.
    Found 10-bit comparator lessequal for signal <win1$cmp_le0258> created at line 134.
    Found 10-bit comparator lessequal for signal <win1$cmp_le0259> created at line 134.
    Found 10-bit comparator lessequal for signal <win1$cmp_le0260> created at line 134.
    Found 10-bit comparator lessequal for signal <win1$cmp_le0261> created at line 134.
    Found 10-bit comparator lessequal for signal <win1$cmp_le0262> created at line 134.
    Found 10-bit comparator lessequal for signal <win1$cmp_le0263> created at line 134.
    Found 10-bit comparator lessequal for signal <win1$cmp_le0264> created at line 134.
    Found 10-bit comparator lessequal for signal <win1$cmp_le0265> created at line 134.
    Found 10-bit comparator lessequal for signal <win1$cmp_le0266> created at line 134.
    Found 10-bit comparator lessequal for signal <win1$cmp_le0267> created at line 134.
    Found 10-bit comparator lessequal for signal <win1$cmp_le0268> created at line 134.
    Found 10-bit comparator lessequal for signal <win1$cmp_le0269> created at line 134.
    Found 10-bit comparator lessequal for signal <win1$cmp_le0270> created at line 134.
    Found 10-bit comparator lessequal for signal <win1$cmp_le0271> created at line 134.
    Found 10-bit comparator lessequal for signal <win1$cmp_le0272> created at line 134.
    Found 10-bit comparator lessequal for signal <win1$cmp_le0273> created at line 134.
    Found 10-bit comparator lessequal for signal <win1$cmp_le0274> created at line 134.
    Found 10-bit comparator lessequal for signal <win1$cmp_le0275> created at line 134.
    Found 10-bit comparator lessequal for signal <win1$cmp_le0276> created at line 134.
    Found 10-bit comparator lessequal for signal <win1$cmp_le0277> created at line 134.
    Found 10-bit comparator lessequal for signal <win1$cmp_le0278> created at line 134.
    Found 10-bit comparator lessequal for signal <win1$cmp_le0279> created at line 134.
    Found 10-bit comparator lessequal for signal <win1$cmp_le0280> created at line 134.
    Found 10-bit comparator lessequal for signal <win1$cmp_le0281> created at line 134.
    Found 10-bit comparator lessequal for signal <win1$cmp_le0282> created at line 134.
    Found 10-bit comparator lessequal for signal <win1$cmp_le0283> created at line 134.
    Found 10-bit comparator lessequal for signal <win1$cmp_le0284> created at line 134.
    Found 10-bit comparator lessequal for signal <win1$cmp_le0285> created at line 134.
    Found 10-bit comparator lessequal for signal <win1$cmp_le0286> created at line 134.
    Found 10-bit comparator lessequal for signal <win1$cmp_le0287> created at line 134.
    Found 10-bit comparator lessequal for signal <win1$cmp_le0288> created at line 134.
    Found 10-bit comparator lessequal for signal <win1$cmp_le0289> created at line 134.
    Found 10-bit comparator lessequal for signal <win1$cmp_le0290> created at line 134.
    Found 10-bit comparator lessequal for signal <win1$cmp_le0291> created at line 134.
    Found 10-bit comparator greatequal for signal <win2$cmp_ge0000> created at line 135.
    Found 10-bit comparator greatequal for signal <win2$cmp_ge0001> created at line 135.
    Found 10-bit comparator greatequal for signal <win2$cmp_ge0002> created at line 135.
    Found 10-bit comparator greatequal for signal <win2$cmp_ge0003> created at line 135.
    Found 10-bit comparator greatequal for signal <win2$cmp_ge0004> created at line 135.
    Found 10-bit comparator greatequal for signal <win2$cmp_ge0005> created at line 135.
    Found 10-bit comparator greatequal for signal <win2$cmp_ge0006> created at line 135.
    Found 10-bit comparator greatequal for signal <win2$cmp_ge0007> created at line 135.
    Found 10-bit comparator greatequal for signal <win2$cmp_ge0008> created at line 135.
    Found 10-bit comparator greatequal for signal <win2$cmp_ge0009> created at line 135.
    Found 10-bit comparator greatequal for signal <win2$cmp_ge0010> created at line 135.
    Found 10-bit comparator greatequal for signal <win2$cmp_ge0011> created at line 135.
    Found 10-bit comparator greatequal for signal <win2$cmp_ge0012> created at line 135.
    Found 10-bit comparator greatequal for signal <win2$cmp_ge0013> created at line 135.
    Found 10-bit comparator greatequal for signal <win2$cmp_ge0014> created at line 135.
    Found 10-bit comparator greatequal for signal <win2$cmp_ge0015> created at line 135.
    Found 10-bit comparator greatequal for signal <win2$cmp_ge0016> created at line 135.
    Found 10-bit comparator greatequal for signal <win2$cmp_ge0017> created at line 135.
    Found 10-bit comparator greatequal for signal <win2$cmp_ge0018> created at line 135.
    Found 10-bit comparator greatequal for signal <win2$cmp_ge0019> created at line 135.
    Found 10-bit comparator greatequal for signal <win2$cmp_ge0020> created at line 135.
    Found 10-bit comparator greatequal for signal <win2$cmp_ge0021> created at line 135.
    Found 10-bit comparator greatequal for signal <win2$cmp_ge0022> created at line 135.
    Found 10-bit comparator greatequal for signal <win2$cmp_ge0023> created at line 135.
    Found 10-bit comparator greatequal for signal <win2$cmp_ge0024> created at line 135.
    Found 10-bit comparator greatequal for signal <win2$cmp_ge0025> created at line 135.
    Found 10-bit comparator greatequal for signal <win2$cmp_ge0026> created at line 135.
    Found 10-bit comparator greatequal for signal <win2$cmp_ge0027> created at line 135.
    Found 10-bit comparator greatequal for signal <win2$cmp_ge0028> created at line 135.
    Found 10-bit comparator greatequal for signal <win2$cmp_ge0029> created at line 135.
    Found 10-bit comparator greatequal for signal <win2$cmp_ge0030> created at line 135.
    Found 10-bit comparator greatequal for signal <win2$cmp_ge0031> created at line 135.
    Found 10-bit comparator greatequal for signal <win2$cmp_ge0032> created at line 135.
    Found 10-bit comparator greatequal for signal <win2$cmp_ge0033> created at line 135.
    Found 10-bit comparator greatequal for signal <win2$cmp_ge0034> created at line 135.
    Found 10-bit comparator greatequal for signal <win2$cmp_ge0035> created at line 135.
    Found 10-bit comparator greatequal for signal <win2$cmp_ge0036> created at line 135.
    Found 10-bit comparator greatequal for signal <win2$cmp_ge0037> created at line 135.
    Found 10-bit comparator greatequal for signal <win2$cmp_ge0038> created at line 135.
    Found 10-bit comparator greatequal for signal <win2$cmp_ge0039> created at line 135.
    Found 10-bit comparator greatequal for signal <win2$cmp_ge0040> created at line 135.
    Found 10-bit comparator greatequal for signal <win2$cmp_ge0041> created at line 135.
    Found 10-bit comparator greatequal for signal <win2$cmp_ge0042> created at line 135.
    Found 10-bit comparator greatequal for signal <win2$cmp_ge0043> created at line 135.
    Found 10-bit comparator greatequal for signal <win2$cmp_ge0044> created at line 135.
    Found 10-bit comparator greatequal for signal <win2$cmp_ge0045> created at line 135.
    Found 10-bit comparator greatequal for signal <win2$cmp_ge0046> created at line 135.
    Found 10-bit comparator greatequal for signal <win2$cmp_ge0047> created at line 135.
    Found 10-bit comparator greatequal for signal <win2$cmp_ge0048> created at line 135.
    Found 10-bit comparator greatequal for signal <win2$cmp_ge0049> created at line 135.
    Found 10-bit comparator greatequal for signal <win2$cmp_ge0050> created at line 135.
    Found 10-bit comparator greatequal for signal <win2$cmp_ge0051> created at line 135.
    Found 10-bit comparator greatequal for signal <win2$cmp_ge0052> created at line 135.
    Found 10-bit comparator greatequal for signal <win2$cmp_ge0053> created at line 135.
    Found 10-bit comparator greatequal for signal <win2$cmp_ge0054> created at line 135.
    Found 10-bit comparator greatequal for signal <win2$cmp_ge0055> created at line 135.
    Found 10-bit comparator greatequal for signal <win2$cmp_ge0056> created at line 135.
    Found 10-bit comparator greatequal for signal <win2$cmp_ge0057> created at line 135.
    Found 10-bit comparator greatequal for signal <win2$cmp_ge0058> created at line 135.
    Found 10-bit comparator greatequal for signal <win2$cmp_ge0059> created at line 135.
    Found 10-bit comparator greatequal for signal <win2$cmp_ge0060> created at line 135.
    Found 10-bit comparator greatequal for signal <win2$cmp_ge0061> created at line 135.
    Found 10-bit comparator greatequal for signal <win2$cmp_ge0062> created at line 135.
    Found 10-bit comparator greatequal for signal <win2$cmp_ge0063> created at line 135.
    Found 10-bit comparator greatequal for signal <win2$cmp_ge0064> created at line 135.
    Found 10-bit comparator greatequal for signal <win2$cmp_ge0065> created at line 135.
    Found 10-bit comparator greatequal for signal <win2$cmp_ge0066> created at line 135.
    Found 10-bit comparator greatequal for signal <win2$cmp_ge0067> created at line 135.
    Found 10-bit comparator greatequal for signal <win2$cmp_ge0068> created at line 135.
    Found 10-bit comparator greatequal for signal <win2$cmp_ge0069> created at line 135.
    Found 10-bit comparator greatequal for signal <win2$cmp_ge0070> created at line 135.
    Found 10-bit comparator greatequal for signal <win2$cmp_ge0071> created at line 135.
    Found 10-bit comparator greatequal for signal <win2$cmp_ge0072> created at line 135.
    Found 10-bit comparator lessequal for signal <win2$cmp_le0000> created at line 135.
    Found 10-bit comparator lessequal for signal <win2$cmp_le0001> created at line 135.
    Found 10-bit comparator lessequal for signal <win2$cmp_le0002> created at line 135.
    Found 10-bit comparator lessequal for signal <win2$cmp_le0003> created at line 135.
    Found 10-bit comparator lessequal for signal <win2$cmp_le0004> created at line 135.
    Found 10-bit comparator lessequal for signal <win2$cmp_le0005> created at line 135.
    Found 10-bit comparator lessequal for signal <win2$cmp_le0006> created at line 135.
    Found 10-bit comparator lessequal for signal <win2$cmp_le0007> created at line 135.
    Found 10-bit comparator lessequal for signal <win2$cmp_le0008> created at line 135.
    Found 10-bit comparator lessequal for signal <win2$cmp_le0009> created at line 135.
    Found 10-bit comparator lessequal for signal <win2$cmp_le0010> created at line 135.
    Found 10-bit comparator lessequal for signal <win2$cmp_le0011> created at line 135.
    Found 10-bit comparator lessequal for signal <win2$cmp_le0012> created at line 135.
    Found 10-bit comparator lessequal for signal <win2$cmp_le0013> created at line 135.
    Found 10-bit comparator lessequal for signal <win2$cmp_le0014> created at line 135.
    Found 10-bit comparator lessequal for signal <win2$cmp_le0015> created at line 135.
    Found 10-bit comparator lessequal for signal <win2$cmp_le0016> created at line 135.
    Found 10-bit comparator lessequal for signal <win2$cmp_le0017> created at line 135.
    Found 10-bit comparator lessequal for signal <win2$cmp_le0018> created at line 135.
    Found 10-bit comparator lessequal for signal <win2$cmp_le0019> created at line 135.
    Found 10-bit comparator lessequal for signal <win2$cmp_le0020> created at line 135.
    Found 10-bit comparator lessequal for signal <win2$cmp_le0021> created at line 135.
    Found 10-bit comparator lessequal for signal <win2$cmp_le0022> created at line 135.
    Found 10-bit comparator lessequal for signal <win2$cmp_le0023> created at line 135.
    Found 10-bit comparator lessequal for signal <win2$cmp_le0024> created at line 135.
    Found 10-bit comparator lessequal for signal <win2$cmp_le0025> created at line 135.
    Found 10-bit comparator lessequal for signal <win2$cmp_le0026> created at line 135.
    Found 10-bit comparator lessequal for signal <win2$cmp_le0027> created at line 135.
    Found 10-bit comparator lessequal for signal <win2$cmp_le0028> created at line 135.
    Found 10-bit comparator lessequal for signal <win2$cmp_le0029> created at line 135.
    Found 10-bit comparator lessequal for signal <win2$cmp_le0030> created at line 135.
    Found 10-bit comparator lessequal for signal <win2$cmp_le0031> created at line 135.
    Found 10-bit comparator lessequal for signal <win2$cmp_le0032> created at line 135.
    Found 10-bit comparator lessequal for signal <win2$cmp_le0033> created at line 135.
    Found 10-bit comparator lessequal for signal <win2$cmp_le0034> created at line 135.
    Found 10-bit comparator lessequal for signal <win2$cmp_le0035> created at line 135.
    Found 10-bit comparator lessequal for signal <win2$cmp_le0036> created at line 135.
    Found 10-bit comparator lessequal for signal <win2$cmp_le0037> created at line 135.
    Found 10-bit comparator lessequal for signal <win2$cmp_le0038> created at line 135.
    Found 10-bit comparator lessequal for signal <win2$cmp_le0039> created at line 135.
    Found 10-bit comparator lessequal for signal <win2$cmp_le0040> created at line 135.
    Found 10-bit comparator lessequal for signal <win2$cmp_le0041> created at line 135.
    Found 10-bit comparator lessequal for signal <win2$cmp_le0042> created at line 135.
    Found 10-bit comparator lessequal for signal <win2$cmp_le0043> created at line 135.
    Found 10-bit comparator lessequal for signal <win2$cmp_le0044> created at line 135.
    Found 10-bit comparator lessequal for signal <win2$cmp_le0045> created at line 135.
    Found 10-bit comparator lessequal for signal <win2$cmp_le0046> created at line 135.
    Found 10-bit comparator lessequal for signal <win2$cmp_le0047> created at line 135.
    Found 10-bit comparator lessequal for signal <win2$cmp_le0048> created at line 135.
    Found 10-bit comparator lessequal for signal <win2$cmp_le0049> created at line 135.
    Found 10-bit comparator lessequal for signal <win2$cmp_le0050> created at line 135.
    Found 10-bit comparator lessequal for signal <win2$cmp_le0051> created at line 135.
    Found 10-bit comparator lessequal for signal <win2$cmp_le0052> created at line 135.
    Found 10-bit comparator lessequal for signal <win2$cmp_le0053> created at line 135.
    Found 10-bit comparator greatequal for signal <win3$cmp_ge0000> created at line 136.
    Found 10-bit comparator greatequal for signal <win3$cmp_ge0001> created at line 136.
    Found 10-bit comparator greatequal for signal <win3$cmp_ge0002> created at line 136.
    Found 10-bit comparator greatequal for signal <win3$cmp_ge0003> created at line 136.
    Found 10-bit comparator greatequal for signal <win3$cmp_ge0004> created at line 136.
    Found 10-bit comparator greatequal for signal <win3$cmp_ge0005> created at line 136.
    Found 10-bit comparator greatequal for signal <win3$cmp_ge0006> created at line 136.
    Found 10-bit comparator greatequal for signal <win3$cmp_ge0007> created at line 136.
    Found 10-bit comparator greatequal for signal <win3$cmp_ge0008> created at line 136.
    Found 10-bit comparator greatequal for signal <win3$cmp_ge0009> created at line 136.
    Found 10-bit comparator greatequal for signal <win3$cmp_ge0010> created at line 136.
    Found 10-bit comparator greatequal for signal <win3$cmp_ge0011> created at line 136.
    Found 10-bit comparator greatequal for signal <win3$cmp_ge0012> created at line 136.
    Found 10-bit comparator greatequal for signal <win3$cmp_ge0013> created at line 136.
    Found 10-bit comparator greatequal for signal <win3$cmp_ge0014> created at line 136.
    Found 10-bit comparator greatequal for signal <win3$cmp_ge0015> created at line 136.
    Found 10-bit comparator greatequal for signal <win3$cmp_ge0016> created at line 136.
    Found 10-bit comparator greatequal for signal <win3$cmp_ge0017> created at line 136.
    Found 10-bit comparator greatequal for signal <win3$cmp_ge0018> created at line 136.
    Found 10-bit comparator greatequal for signal <win3$cmp_ge0019> created at line 136.
    Found 10-bit comparator greatequal for signal <win3$cmp_ge0020> created at line 136.
    Found 10-bit comparator greatequal for signal <win3$cmp_ge0021> created at line 136.
    Found 10-bit comparator greatequal for signal <win3$cmp_ge0022> created at line 136.
    Found 10-bit comparator greatequal for signal <win3$cmp_ge0023> created at line 136.
    Found 10-bit comparator greatequal for signal <win3$cmp_ge0024> created at line 136.
    Found 10-bit comparator greatequal for signal <win3$cmp_ge0025> created at line 136.
    Found 10-bit comparator greatequal for signal <win3$cmp_ge0026> created at line 136.
    Found 10-bit comparator greatequal for signal <win3$cmp_ge0027> created at line 136.
    Found 10-bit comparator greatequal for signal <win3$cmp_ge0028> created at line 136.
    Found 10-bit comparator greatequal for signal <win3$cmp_ge0029> created at line 136.
    Found 10-bit comparator greatequal for signal <win3$cmp_ge0030> created at line 136.
    Found 10-bit comparator greatequal for signal <win3$cmp_ge0031> created at line 136.
    Found 10-bit comparator greatequal for signal <win3$cmp_ge0032> created at line 136.
    Found 10-bit comparator greatequal for signal <win3$cmp_ge0033> created at line 136.
    Found 10-bit comparator greatequal for signal <win3$cmp_ge0034> created at line 136.
    Found 10-bit comparator greatequal for signal <win3$cmp_ge0035> created at line 136.
    Found 10-bit comparator greatequal for signal <win3$cmp_ge0036> created at line 136.
    Found 10-bit comparator greatequal for signal <win3$cmp_ge0037> created at line 136.
    Found 10-bit comparator lessequal for signal <win3$cmp_le0000> created at line 136.
    Found 10-bit comparator lessequal for signal <win3$cmp_le0001> created at line 136.
    Found 10-bit comparator lessequal for signal <win3$cmp_le0002> created at line 136.
    Found 10-bit comparator lessequal for signal <win3$cmp_le0003> created at line 136.
    Found 10-bit comparator lessequal for signal <win3$cmp_le0004> created at line 136.
    Found 10-bit comparator lessequal for signal <win3$cmp_le0005> created at line 136.
    Found 10-bit comparator lessequal for signal <win3$cmp_le0006> created at line 136.
    Found 10-bit comparator lessequal for signal <win3$cmp_le0007> created at line 136.
    Found 10-bit comparator lessequal for signal <win3$cmp_le0008> created at line 136.
    Found 10-bit comparator lessequal for signal <win3$cmp_le0009> created at line 136.
    Found 10-bit comparator lessequal for signal <win3$cmp_le0010> created at line 136.
    Found 10-bit comparator lessequal for signal <win3$cmp_le0011> created at line 136.
    Found 10-bit comparator lessequal for signal <win3$cmp_le0012> created at line 136.
    Found 10-bit comparator lessequal for signal <win3$cmp_le0013> created at line 136.
    Found 10-bit comparator lessequal for signal <win3$cmp_le0014> created at line 136.
    Found 10-bit comparator lessequal for signal <win3$cmp_le0015> created at line 136.
    Found 10-bit comparator lessequal for signal <win3$cmp_le0016> created at line 136.
    Found 10-bit comparator lessequal for signal <win3$cmp_le0017> created at line 136.
    Found 10-bit comparator lessequal for signal <win3$cmp_le0018> created at line 136.
    Found 10-bit comparator lessequal for signal <win3$cmp_le0019> created at line 136.
    Found 10-bit comparator lessequal for signal <win3$cmp_le0020> created at line 136.
    Found 10-bit comparator lessequal for signal <win3$cmp_le0021> created at line 136.
    Found 10-bit comparator lessequal for signal <win3$cmp_le0022> created at line 136.
    Found 10-bit comparator lessequal for signal <win3$cmp_le0023> created at line 136.
    Found 10-bit comparator lessequal for signal <win3$cmp_le0024> created at line 136.
    Found 10-bit comparator lessequal for signal <win3$cmp_le0025> created at line 136.
    Found 10-bit comparator lessequal for signal <win3$cmp_le0026> created at line 136.
    Found 10-bit comparator lessequal for signal <win3$cmp_le0027> created at line 136.
    Found 10-bit comparator lessequal for signal <win3$cmp_le0028> created at line 136.
    Found 10-bit comparator lessequal for signal <win3$cmp_le0029> created at line 136.
    Found 10-bit comparator lessequal for signal <win3$cmp_le0030> created at line 136.
    Found 10-bit comparator lessequal for signal <win3$cmp_le0031> created at line 136.
    Found 10-bit comparator lessequal for signal <win3$cmp_le0032> created at line 136.
    Found 10-bit comparator lessequal for signal <win3$cmp_le0033> created at line 136.
    Found 10-bit comparator lessequal for signal <win3$cmp_le0034> created at line 136.
    Found 10-bit comparator lessequal for signal <win3$cmp_le0035> created at line 136.
    Found 10-bit comparator lessequal for signal <win3$cmp_le0036> created at line 136.
    Found 10-bit comparator lessequal for signal <win3$cmp_le0037> created at line 136.
    Found 10-bit comparator lessequal for signal <win3$cmp_le0038> created at line 136.
    Found 10-bit comparator lessequal for signal <win3$cmp_le0039> created at line 136.
    Found 10-bit comparator lessequal for signal <win3$cmp_le0040> created at line 136.
    Found 10-bit comparator lessequal for signal <win3$cmp_le0041> created at line 136.
    Found 10-bit comparator lessequal for signal <win3$cmp_le0042> created at line 136.
    Found 10-bit comparator lessequal for signal <win3$cmp_le0043> created at line 136.
    Found 10-bit comparator lessequal for signal <win3$cmp_le0044> created at line 136.
    Found 10-bit comparator lessequal for signal <win3$cmp_le0045> created at line 136.
    Found 10-bit comparator lessequal for signal <win3$cmp_le0046> created at line 136.
    Found 10-bit comparator lessequal for signal <win3$cmp_le0047> created at line 136.
    Summary:
	inferred   2 D-type flip-flop(s).
	inferred 796 Comparator(s).
Unit <screen_design> synthesized.


=========================================================================
HDL Synthesis Report

Macro Statistics
# Adders/Subtractors                                   : 3
 10-bit adder                                          : 2
 10-bit subtractor                                     : 1
# Registers                                            : 4
 1-bit register                                        : 2
 10-bit register                                       : 2
# Comparators                                          : 805
 10-bit comparator greatequal                          : 405
 10-bit comparator greater                             : 1
 10-bit comparator less                                : 3
 10-bit comparator lessequal                           : 395
 11-bit comparator less                                : 1

=========================================================================

=========================================================================
*                       Advanced HDL Synthesis                          *
=========================================================================


=========================================================================
Advanced HDL Synthesis Report

Macro Statistics
# Adders/Subtractors                                   : 3
 10-bit adder                                          : 2
 10-bit subtractor                                     : 1
# Registers                                            : 22
 Flip-Flops                                            : 22
# Comparators                                          : 805
 10-bit comparator greatequal                          : 405
 10-bit comparator greater                             : 1
 10-bit comparator less                                : 3
 10-bit comparator lessequal                           : 395
 11-bit comparator less                                : 1

=========================================================================

=========================================================================
*                         Low Level Synthesis                           *
=========================================================================

Optimizing unit <screen_design> ...

Optimizing unit <pixel_itr> ...

Mapping all equations...
Building and optimizing final netlist ...
Found area constraint ratio of 100 (+ 5) on block screen_design, actual ratio is 62.
FlipFlop show/h_pos_7 has been replicated 1 time(s)
FlipFlop show/v_pos_6 has been replicated 1 time(s)
FlipFlop show/v_pos_9 has been replicated 1 time(s)

Final Macro Processing ...

=========================================================================
Final Register Report

Macro Statistics
# Registers                                            : 25
 Flip-Flops                                            : 25

=========================================================================

=========================================================================
*                           Partition Report                            *
=========================================================================

Partition Implementation Status
-------------------------------

  No Partitions were found in this design.

-------------------------------

=========================================================================
*                            Final Report                               *
=========================================================================
Final Results
RTL Top Level Output File Name     : screen_design.ngr
Top Level Output File Name         : screen_design
Output Format                      : NGC
Optimization Goal                  : Speed
Keep Hierarchy                     : No

Design Statistics
# IOs                              : 7

Cell Usage :
# BELS                             : 4955
#      GND                         : 1
#      INV                         : 6
#      LUT1                        : 18
#      LUT2                        : 341
#      LUT2_L                      : 1
#      LUT3                        : 787
#      LUT4                        : 3697
#      LUT4_D                      : 2
#      MUXCY                       : 18
#      MUXF5                       : 63
#      VCC                         : 1
#      XORCY                       : 20
# FlipFlops/Latches                : 25
#      FDE                         : 23
#      FDR                         : 2
# Clock Buffers                    : 1
#      BUFGP                       : 1
# IO Buffers                       : 6
#      IBUF                        : 1
#      OBUF                        : 5
=========================================================================

Device utilization summary:
---------------------------

Selected Device : 3s500efg320-5 

 Number of Slices:                     2784  out of   4656    59%  
 Number of Slice Flip Flops:             25  out of   9312     0%  
 Number of 4 input LUTs:               4852  out of   9312    52%  
 Number of IOs:                           7
 Number of bonded IOBs:                   7  out of    232     3%  
 Number of GCLKs:                         1  out of     24     4%  

---------------------------
Partition Resource Summary:
---------------------------

  No Partitions were found in this design.

---------------------------


=========================================================================
TIMING REPORT

NOTE: THESE TIMING NUMBERS ARE ONLY A SYNTHESIS ESTIMATE.
      FOR ACCURATE TIMING INFORMATION PLEASE REFER TO THE TRACE REPORT
      GENERATED AFTER PLACE-and-ROUTE.

Clock Information:
------------------
-----------------------------------+------------------------+-------+
Clock Signal                       | Clock buffer(FF name)  | Load  |
-----------------------------------+------------------------+-------+
clk                                | BUFGP                  | 25    |
-----------------------------------+------------------------+-------+

Asynchronous Control Signals Information:
----------------------------------------
No asynchronous control signals found in this design

Timing Summary:
---------------
Speed Grade: -5

   Minimum period: 5.567ns (Maximum Frequency: 179.625MHz)
   Minimum input arrival time before clock: 3.550ns
   Maximum output required time after clock: 22.735ns
   Maximum combinational path delay: No path found

Timing Detail:
--------------
All values displayed in nanoseconds (ns)

=========================================================================
Timing constraint: Default period analysis for Clock 'clk'
  Clock period: 5.567ns (frequency: 179.625MHz)
  Total number of paths / destination ports: 598 / 48
-------------------------------------------------------------------------
Delay:               5.567ns (Levels of Logic = 3)
  Source:            show/h_pos_5 (FF)
  Destination:       show/v_pos_9 (FF)
  Source Clock:      clk rising
  Destination Clock: clk rising

  Data Path: show/h_pos_5 to show/v_pos_9
                                Gate     Net
    Cell:in->out      fanout   Delay   Delay  Logical Name (Net Name)
    ----------------------------------------  ------------
     FDE:C->Q             19   0.514   0.991  show/h_pos_5 (show/h_pos_5)
     LUT2_L:I1->LO         1   0.612   0.103  show/v_pos_mux0000<0>21_SW0 (N4)
     LUT4:I3->O           11   0.612   0.823  show/v_pos_mux0000<0>21 (show/N16)
     LUT4:I2->O           12   0.612   0.817  show/v_pos_not00021 (show/v_pos_not0002)
     FDE:CE                    0.483          show/v_pos_0
    ----------------------------------------
    Total                      5.567ns (2.833ns logic, 2.734ns route)
                                       (50.9% logic, 49.1% route)

=========================================================================
Timing constraint: Default OFFSET IN BEFORE for Clock 'clk'
  Total number of paths / destination ports: 23 / 23
-------------------------------------------------------------------------
Offset:              3.550ns (Levels of Logic = 2)
  Source:            rst (PAD)
  Destination:       show/v_pos_9 (FF)
  Destination Clock: clk rising

  Data Path: rst to show/v_pos_9
                                Gate     Net
    Cell:in->out      fanout   Delay   Delay  Logical Name (Net Name)
    ----------------------------------------  ------------
     IBUF:I->O             2   1.106   0.532  rst_IBUF (rst_IBUF)
     LUT4:I0->O           12   0.612   0.817  show/v_pos_not00021 (show/v_pos_not0002)
     FDE:CE                    0.483          show/v_pos_0
    ----------------------------------------
    Total                      3.550ns (2.201ns logic, 1.349ns route)
                                       (62.0% logic, 38.0% route)

=========================================================================
Timing constraint: Default OFFSET OUT AFTER for Clock 'clk'
  Total number of paths / destination ports: 403655 / 5
-------------------------------------------------------------------------
Offset:              22.735ns (Levels of Logic = 16)
  Source:            show/h_pos_8 (FF)
  Destination:       b_out (PAD)
  Source Clock:      clk rising

  Data Path: show/h_pos_8 to b_out
                                Gate     Net
    Cell:in->out      fanout   Delay   Delay  Logical Name (Net Name)
    ----------------------------------------  ------------
     FDE:C->Q             26   0.514   1.223  show/h_pos_8 (show/h_pos_8)
     LUT2:I0->O           24   0.612   1.067  show/pix_x<7>11 (show/N3)
     LUT4:I3->O           69   0.612   1.235  show/pix_x<3>1 (pix_x<3>)
     LUT4:I0->O           19   0.612   0.952  win1_cmp_le00061 (win1_cmp_le00061)
     LUT3:I2->O            4   0.612   0.529  win1_cmp_le0075111 (N89)
     LUT4:I2->O            4   0.612   0.568  win1_cmp_le007521 (win1_cmp_le0075)
     LUT3:I1->O            3   0.612   0.454  win1_and01431 (win1_and0143)
     LUT4:I3->O            1   0.612   0.509  win36981 (win36981)
     LUT3:I0->O            1   0.612   0.426  win37007 (win37007)
     LUT3:I1->O            1   0.612   0.360  win37067_SW0 (N583)
     LUT4:I3->O            1   0.612   0.509  win37067 (win37067)
     LUT3:I0->O            1   0.612   0.360  win37265_SW0 (N587)
     LUT4:I3->O            1   0.612   0.509  win37265 (win37265)
     LUT4:I0->O            1   0.612   0.426  win38549 (win38549)
     LUT4:I1->O            1   0.612   0.387  win310202 (win310202)
     LUT4:I2->O            1   0.612   0.357  win314672 (b_out_OBUF)
     OBUF:I->O                 3.169          b_out_OBUF (b_out)
    ----------------------------------------
    Total                     22.735ns (12.863ns logic, 9.872ns route)
                                       (56.6% logic, 43.4% route)

=========================================================================


Total REAL time to Xst completion: 1032.00 secs
Total CPU time to Xst completion: 1030.85 secs
 
--> 


Total memory usage is 655972 kilobytes

Number of errors   :    0 (   0 filtered)
Number of warnings :    1 (   0 filtered)
Number of infos    :    0 (   0 filtered)

