Release 13.4 - xst O.87xd (lin64)
Copyright (c) 1995-2011 Xilinx, Inc.  All rights reserved.
--> 
Parameter TMPDIR set to xst/projnav.tmp


Total REAL time to Xst completion: 0.00 secs
Total CPU time to Xst completion: 0.03 secs
 
--> 
Parameter xsthdpdir set to xst


Total REAL time to Xst completion: 0.00 secs
Total CPU time to Xst completion: 0.03 secs
 
--> 
Reading design: screen_design.prj

TABLE OF CONTENTS
  1) Synthesis Options Summary
  2) HDL Compilation
  3) Design Hierarchy Analysis
  4) HDL Analysis
  5) HDL Synthesis
     5.1) HDL Synthesis Report
  6) Advanced HDL Synthesis
     6.1) Advanced HDL Synthesis Report
  7) Low Level Synthesis
  8) Partition Report
  9) Final Report
	9.1) Device utilization summary
	9.2) Partition Resource Summary
	9.3) TIMING REPORT


=========================================================================
*                      Synthesis Options Summary                        *
=========================================================================
---- Source Parameters
Input File Name                    : "screen_design.prj"
Input Format                       : mixed
Ignore Synthesis Constraint File   : NO

---- Target Parameters
Output File Name                   : "screen_design"
Output Format                      : NGC
Target Device                      : xc3s500e-5-fg320

---- Source Options
Top Module Name                    : screen_design
Automatic FSM Extraction           : YES
FSM Encoding Algorithm             : Auto
Safe Implementation                : No
FSM Style                          : LUT
RAM Extraction                     : Yes
RAM Style                          : Auto
ROM Extraction                     : Yes
Mux Style                          : Auto
Decoder Extraction                 : YES
Priority Encoder Extraction        : Yes
Shift Register Extraction          : YES
Logical Shifter Extraction         : YES
XOR Collapsing                     : YES
ROM Style                          : Auto
Mux Extraction                     : Yes
Resource Sharing                   : YES
Asynchronous To Synchronous        : NO
Multiplier Style                   : Auto
Automatic Register Balancing       : No

---- Target Options
Add IO Buffers                     : YES
Global Maximum Fanout              : 500
Add Generic Clock Buffer(BUFG)     : 24
Register Duplication               : YES
Slice Packing                      : YES
Optimize Instantiated Primitives   : NO
Use Clock Enable                   : Yes
Use Synchronous Set                : Yes
Use Synchronous Reset              : Yes
Pack IO Registers into IOBs        : Auto
Equivalent register Removal        : YES

---- General Options
Optimization Goal                  : Speed
Optimization Effort                : 1
Keep Hierarchy                     : No
Netlist Hierarchy                  : As_Optimized
RTL Output                         : Yes
Global Optimization                : AllClockNets
Read Cores                         : YES
Write Timing Constraints           : NO
Cross Clock Analysis               : NO
Hierarchy Separator                : /
Bus Delimiter                      : <>
Case Specifier                     : Maintain
Slice Utilization Ratio            : 100
BRAM Utilization Ratio             : 100
Verilog 2001                       : YES
Auto BRAM Packing                  : NO
Slice Utilization Ratio Delta      : 5

=========================================================================


=========================================================================
*                          HDL Compilation                              *
=========================================================================
Compiling verilog file "screen_design_optimized.v" in library work
Module <pixel_itr> compiled
Module <screen_design> compiled
No errors in compilation
Analysis of file <"screen_design.prj"> succeeded.
 

=========================================================================
*                     Design Hierarchy Analysis                         *
=========================================================================
Analyzing hierarchy for module <screen_design> in library <work>.

Analyzing hierarchy for module <pixel_itr> in library <work> with parameters.
	h_draw_min = "00000000000000000000000010100000"
	h_max = "00000000000000000000001100100000"
	h_sync_end = "00000000000000000000000001110000"
	h_sync_strt = "00000000000000000000000000010000"
	v_draw_max = "00000000000000000000000111011111"
	v_max = "00000000000000000000001000001100"
	v_sync_end = "00000000000000000000000111101100"
	v_sync_strt = "00000000000000000000000111101010"


=========================================================================
*                            HDL Analysis                               *
=========================================================================
Analyzing top module <screen_design>.
Module <screen_design> is correct for synthesis.
 
Analyzing module <pixel_itr> in library <work>.
	h_draw_min = 32'sb00000000000000000000000010100000
	h_max = 32'sb00000000000000000000001100100000
	h_sync_end = 32'sb00000000000000000000000001110000
	h_sync_strt = 32'sb00000000000000000000000000010000
	v_draw_max = 32'sb00000000000000000000000111011111
	v_max = 32'sb00000000000000000000001000001100
	v_sync_end = 32'sb00000000000000000000000111101100
	v_sync_strt = 32'sb00000000000000000000000111101010
Module <pixel_itr> is correct for synthesis.
 

=========================================================================
*                           HDL Synthesis                               *
=========================================================================

Performing bidirectional port resolution...

Synthesizing Unit <pixel_itr>.
    Related source file is "screen_design_optimized.v".
    Found 10-bit comparator greater for signal <draw_active$cmp_gt0000> created at line 49.
    Found 10-bit comparator less for signal <draw_active$cmp_lt0000> created at line 49.
    Found 10-bit register for signal <h_pos>.
    Found 10-bit adder for signal <h_pos$addsub0000> created at line 66.
    Found 11-bit comparator less for signal <h_pos$cmp_lt0000> created at line 65.
    Found 10-bit comparator greatequal for signal <h_sync$cmp_ge0000> created at line 38.
    Found 10-bit comparator less for signal <h_sync$cmp_lt0000> created at line 38.
    Found 10-bit comparator greatequal for signal <pix_x$cmp_ge0000> created at line 44.
    Found 10-bit comparator lessequal for signal <pix_y$cmp_le0000> created at line 45.
    Found 10-bit register for signal <v_pos>.
    Found 10-bit adder for signal <v_pos$addsub0000> created at line 70.
    Found 10-bit comparator greatequal for signal <v_sync$cmp_ge0000> created at line 39.
    Found 10-bit comparator less for signal <v_sync$cmp_lt0000> created at line 39.
    Summary:
	inferred  20 D-type flip-flop(s).
	inferred   2 Adder/Subtractor(s).
	inferred   9 Comparator(s).
Unit <pixel_itr> synthesized.


Synthesizing Unit <screen_design>.
    Related source file is "screen_design_optimized.v".
WARNING:Xst:1780 - Signal <win4> is never used or assigned. This unconnected signal will be trimmed during the optimization process.
    Found 1-bit register for signal <count>.
    Found 1-bit register for signal <pix_clk>.
    Found 10-bit comparator greater for signal <win1$cmp_gt0000> created at line 145.
    Found 10-bit comparator less for signal <win1$cmp_lt0000> created at line 145.
    Found 10-bit comparator greater for signal <win2$cmp_gt0000> created at line 146.
    Found 10-bit comparator less for signal <win2$cmp_lt0000> created at line 146.
    Found 10-bit comparator greater for signal <win3$cmp_gt0000> created at line 147.
    Found 10-bit comparator less for signal <win3$cmp_lt0000> created at line 147.
    Summary:
	inferred   2 D-type flip-flop(s).
	inferred   6 Comparator(s).
Unit <screen_design> synthesized.


=========================================================================
HDL Synthesis Report

Macro Statistics
# Adders/Subtractors                                   : 2
 10-bit adder                                          : 2
# Registers                                            : 4
 1-bit register                                        : 2
 10-bit register                                       : 2
# Comparators                                          : 15
 10-bit comparator greatequal                          : 3
 10-bit comparator greater                             : 4
 10-bit comparator less                                : 6
 10-bit comparator lessequal                           : 1
 11-bit comparator less                                : 1

=========================================================================

=========================================================================
*                       Advanced HDL Synthesis                          *
=========================================================================


=========================================================================
Advanced HDL Synthesis Report

Macro Statistics
# Adders/Subtractors                                   : 2
 10-bit adder                                          : 2
# Registers                                            : 22
 Flip-Flops                                            : 22
# Comparators                                          : 15
 10-bit comparator greatequal                          : 3
 10-bit comparator greater                             : 4
 10-bit comparator less                                : 6
 10-bit comparator lessequal                           : 1
 11-bit comparator less                                : 1

=========================================================================

=========================================================================
*                         Low Level Synthesis                           *
=========================================================================

Optimizing unit <screen_design> ...

Optimizing unit <pixel_itr> ...

Mapping all equations...
Building and optimizing final netlist ...
Found area constraint ratio of 100 (+ 5) on block screen_design, actual ratio is 1.

Final Macro Processing ...

=========================================================================
Final Register Report

Macro Statistics
# Registers                                            : 22
 Flip-Flops                                            : 22

=========================================================================

=========================================================================
*                           Partition Report                            *
=========================================================================

Partition Implementation Status
-------------------------------

  No Partitions were found in this design.

-------------------------------

=========================================================================
*                            Final Report                               *
=========================================================================
Final Results
RTL Top Level Output File Name     : screen_design.ngr
Top Level Output File Name         : screen_design
Output Format                      : NGC
Optimization Goal                  : Speed
Keep Hierarchy                     : No

Design Statistics
# IOs                              : 7

Cell Usage :
# BELS                             : 124
#      GND                         : 1
#      INV                         : 3
#      LUT1                        : 18
#      LUT2                        : 18
#      LUT3                        : 5
#      LUT3_L                      : 1
#      LUT4                        : 34
#      LUT4_D                      : 1
#      LUT4_L                      : 1
#      MUXCY                       : 18
#      MUXF5                       : 3
#      VCC                         : 1
#      XORCY                       : 20
# FlipFlops/Latches                : 22
#      FDE                         : 20
#      FDR                         : 2
# Clock Buffers                    : 1
#      BUFGP                       : 1
# IO Buffers                       : 6
#      IBUF                        : 1
#      OBUF                        : 5
=========================================================================

Device utilization summary:
---------------------------

Selected Device : 3s500efg320-5 

 Number of Slices:                       45  out of   4656     0%  
 Number of Slice Flip Flops:             22  out of   9312     0%  
 Number of 4 input LUTs:                 81  out of   9312     0%  
 Number of IOs:                           7
 Number of bonded IOBs:                   7  out of    232     3%  
 Number of GCLKs:                         1  out of     24     4%  

---------------------------
Partition Resource Summary:
---------------------------

  No Partitions were found in this design.

---------------------------


=========================================================================
TIMING REPORT

NOTE: THESE TIMING NUMBERS ARE ONLY A SYNTHESIS ESTIMATE.
      FOR ACCURATE TIMING INFORMATION PLEASE REFER TO THE TRACE REPORT
      GENERATED AFTER PLACE-and-ROUTE.

Clock Information:
------------------
-----------------------------------+------------------------+-------+
Clock Signal                       | Clock buffer(FF name)  | Load  |
-----------------------------------+------------------------+-------+
clk                                | BUFGP                  | 22    |
-----------------------------------+------------------------+-------+

Asynchronous Control Signals Information:
----------------------------------------
No asynchronous control signals found in this design

Timing Summary:
---------------
Speed Grade: -5

   Minimum period: 5.400ns (Maximum Frequency: 185.192MHz)
   Minimum input arrival time before clock: 3.483ns
   Maximum output required time after clock: 12.074ns
   Maximum combinational path delay: No path found

Timing Detail:
--------------
All values displayed in nanoseconds (ns)

=========================================================================
Timing constraint: Default period analysis for Clock 'clk'
  Clock period: 5.400ns (frequency: 185.192MHz)
  Total number of paths / destination ports: 502 / 42
-------------------------------------------------------------------------
Delay:               5.400ns (Levels of Logic = 3)
  Source:            show/v_pos_1 (FF)
  Destination:       show/v_pos_9 (FF)
  Source Clock:      clk rising
  Destination Clock: clk rising

  Data Path: show/v_pos_1 to show/v_pos_9
                                Gate     Net
    Cell:in->out      fanout   Delay   Delay  Logical Name (Net Name)
    ----------------------------------------  ------------
     FDE:C->Q              5   0.514   0.607  show/v_pos_1 (show/v_pos_1)
     LUT4:I1->O            1   0.612   0.387  show/screen_end_cmp_eq000111 (show/screen_end_cmp_eq000111)
     LUT4:I2->O           11   0.612   0.823  show/screen_end_cmp_eq000133 (show/screen_end_cmp_eq0001)
     LUT4:I2->O           10   0.612   0.750  show/v_pos_not00021 (show/v_pos_not0002)
     FDE:CE                    0.483          show/v_pos_0
    ----------------------------------------
    Total                      5.400ns (2.833ns logic, 2.567ns route)
                                       (52.5% logic, 47.5% route)

=========================================================================
Timing constraint: Default OFFSET IN BEFORE for Clock 'clk'
  Total number of paths / destination ports: 20 / 20
-------------------------------------------------------------------------
Offset:              3.483ns (Levels of Logic = 2)
  Source:            rst (PAD)
  Destination:       show/v_pos_9 (FF)
  Destination Clock: clk rising

  Data Path: rst to show/v_pos_9
                                Gate     Net
    Cell:in->out      fanout   Delay   Delay  Logical Name (Net Name)
    ----------------------------------------  ------------
     IBUF:I->O             2   1.106   0.532  rst_IBUF (rst_IBUF)
     LUT2:I0->O           10   0.612   0.750  show/h_pos_not00021 (show/h_pos_not0002)
     FDE:CE                    0.483          show/h_pos_0
    ----------------------------------------
    Total                      3.483ns (2.201ns logic, 1.282ns route)
                                       (63.2% logic, 36.8% route)

=========================================================================
Timing constraint: Default OFFSET OUT AFTER for Clock 'clk'
  Total number of paths / destination ports: 166 / 5
-------------------------------------------------------------------------
Offset:              12.074ns (Levels of Logic = 8)
  Source:            show/h_pos_8 (FF)
  Destination:       b_out (PAD)
  Source Clock:      clk rising

  Data Path: show/h_pos_8 to b_out
                                Gate     Net
    Cell:in->out      fanout   Delay   Delay  Logical Name (Net Name)
    ----------------------------------------  ------------
     FDE:C->Q              9   0.514   0.849  show/h_pos_8 (show/h_pos_8)
     LUT2:I0->O            2   0.612   0.383  show/h_sync11 (show/N12)
     LUT4:I3->O            6   0.612   0.638  show/draw_active11 (show/N11)
     LUT2:I1->O            4   0.612   0.651  show/pix_x<2>1 (pix_x<2>)
     LUT4:I0->O            1   0.612   0.360  win387 (win387)
     LUT4:I3->O            1   0.612   0.360  win3102_SW0 (N43)
     LUT4:I3->O            1   0.612   0.509  win3102 (win3102)
     LUT4:I0->O            1   0.612   0.357  win3108 (b_out_OBUF)
     OBUF:I->O                 3.169          b_out_OBUF (b_out)
    ----------------------------------------
    Total                     12.074ns (7.967ns logic, 4.107ns route)
                                       (66.0% logic, 34.0% route)

=========================================================================


Total REAL time to Xst completion: 3.00 secs
Total CPU time to Xst completion: 3.27 secs
 
--> 


Total memory usage is 518972 kilobytes

Number of errors   :    0 (   0 filtered)
Number of warnings :    1 (   0 filtered)
Number of infos    :    0 (   0 filtered)

