Release 13.4 - xst O.87xd (lin64)
Copyright (c) 1995-2011 Xilinx, Inc.  All rights reserved.
--> 
Parameter TMPDIR set to xst/projnav.tmp


Total REAL time to Xst completion: 1.00 secs
Total CPU time to Xst completion: 0.03 secs
 
--> 
Parameter xsthdpdir set to xst


Total REAL time to Xst completion: 1.00 secs
Total CPU time to Xst completion: 0.03 secs
 
--> 
Reading design: screen_design.prj

TABLE OF CONTENTS
  1) Synthesis Options Summary
  2) HDL Compilation
  3) Design Hierarchy Analysis
  4) HDL Analysis
  5) HDL Synthesis
     5.1) HDL Synthesis Report
  6) Advanced HDL Synthesis
     6.1) Advanced HDL Synthesis Report
  7) Low Level Synthesis
  8) Partition Report
  9) Final Report
	9.1) Device utilization summary
	9.2) Partition Resource Summary
	9.3) TIMING REPORT


=========================================================================
*                      Synthesis Options Summary                        *
=========================================================================
---- Source Parameters
Input File Name                    : "screen_design.prj"
Input Format                       : mixed
Ignore Synthesis Constraint File   : NO

---- Target Parameters
Output File Name                   : "screen_design"
Output Format                      : NGC
Target Device                      : xc3s500e-4-fg320

---- Source Options
Top Module Name                    : screen_design
Automatic FSM Extraction           : YES
FSM Encoding Algorithm             : Auto
Safe Implementation                : No
FSM Style                          : LUT
RAM Extraction                     : Yes
RAM Style                          : Auto
ROM Extraction                     : Yes
Mux Style                          : Auto
Decoder Extraction                 : YES
Priority Encoder Extraction        : Yes
Shift Register Extraction          : YES
Logical Shifter Extraction         : YES
XOR Collapsing                     : YES
ROM Style                          : Auto
Mux Extraction                     : Yes
Resource Sharing                   : YES
Asynchronous To Synchronous        : NO
Multiplier Style                   : Auto
Automatic Register Balancing       : No

---- Target Options
Add IO Buffers                     : YES
Global Maximum Fanout              : 100000
Add Generic Clock Buffer(BUFG)     : 24
Register Duplication               : YES
Slice Packing                      : YES
Optimize Instantiated Primitives   : NO
Use Clock Enable                   : Yes
Use Synchronous Set                : Yes
Use Synchronous Reset              : Yes
Pack IO Registers into IOBs        : Auto
Equivalent register Removal        : YES

---- General Options
Optimization Goal                  : Speed
Optimization Effort                : 1
Keep Hierarchy                     : No
Netlist Hierarchy                  : As_Optimized
RTL Output                         : Yes
Global Optimization                : AllClockNets
Read Cores                         : YES
Write Timing Constraints           : NO
Cross Clock Analysis               : NO
Hierarchy Separator                : /
Bus Delimiter                      : <>
Case Specifier                     : Maintain
Slice Utilization Ratio            : 100
BRAM Utilization Ratio             : 100
Verilog 2001                       : YES
Auto BRAM Packing                  : NO
Slice Utilization Ratio Delta      : 5

=========================================================================


=========================================================================
*                          HDL Compilation                              *
=========================================================================
Compiling verilog file "../pixel_itr.v" in library work
Compiling verilog file "../screen_design.v" in library work
Module <pixel_itr> compiled
Module <screen_design> compiled
No errors in compilation
Analysis of file <"screen_design.prj"> succeeded.
 

=========================================================================
*                     Design Hierarchy Analysis                         *
=========================================================================
Analyzing hierarchy for module <screen_design> in library <work>.

Analyzing hierarchy for module <pixel_itr> in library <work> with parameters.
	h_draw_min = "00000000000000000000000011110000"
	h_max = "00000000000000000000010000010000"
	h_sync_end = "00000000000000000000000010110000"
	h_sync_strt = "00000000000000000000000000111000"
	v_draw_max = "00000000000000000000001001010111"
	v_max = "00000000000000000000001010011001"
	v_sync_end = "00000000000000000000001010000011"
	v_sync_strt = "00000000000000000000001001111101"


=========================================================================
*                            HDL Analysis                               *
=========================================================================
Analyzing top module <screen_design>.
Module <screen_design> is correct for synthesis.
 
Analyzing module <pixel_itr> in library <work>.
	h_draw_min = 32'sb00000000000000000000000011110000
	h_max = 32'sb00000000000000000000010000010000
	h_sync_end = 32'sb00000000000000000000000010110000
	h_sync_strt = 32'sb00000000000000000000000000111000
	v_draw_max = 32'sb00000000000000000000001001010111
	v_max = 32'sb00000000000000000000001010011001
	v_sync_end = 32'sb00000000000000000000001010000011
	v_sync_strt = 32'sb00000000000000000000001001111101
Module <pixel_itr> is correct for synthesis.
 

=========================================================================
*                           HDL Synthesis                               *
=========================================================================

Performing bidirectional port resolution...
INFO:Xst:2679 - Register <v_pos> in unit <pixel_itr> has a constant value of 0000000000 during circuit operation. The register is replaced by logic.

Synthesizing Unit <pixel_itr>.
    Related source file is "../pixel_itr.v".
    Found 10-bit comparator less for signal <draw_active$cmp_lt0000> created at line 53.
    Found 10-bit up counter for signal <h_pos>.
    Found 10-bit comparator greatequal for signal <h_sync$cmp_ge0000> created at line 38.
    Found 10-bit comparator less for signal <h_sync$cmp_lt0000> created at line 38.
    Found 10-bit comparator greatequal for signal <pix_x$cmp_ge0000> created at line 48.
    Summary:
	inferred   1 Counter(s).
	inferred   4 Comparator(s).
Unit <pixel_itr> synthesized.


Synthesizing Unit <screen_design>.
    Related source file is "../screen_design.v".
WARNING:Xst:646 - Signal <win3> is assigned but never used. This unconnected signal will be trimmed during the optimization process.
WARNING:Xst:646 - Signal <win2> is assigned but never used. This unconnected signal will be trimmed during the optimization process.
WARNING:Xst:646 - Signal <win1> is assigned but never used. This unconnected signal will be trimmed during the optimization process.
WARNING:Xst:1780 - Signal <pix_clk> is never used or assigned. This unconnected signal will be trimmed during the optimization process.
WARNING:Xst:1780 - Signal <count> is never used or assigned. This unconnected signal will be trimmed during the optimization process.
    Found 12-bit comparator greater for signal <win4$cmp_gt0000> created at line 58.
    Found 12-bit comparator greater for signal <win4$cmp_gt0001> created at line 58.
    Found 12-bit comparator less for signal <win4$cmp_lt0000> created at line 58.
    Found 12-bit comparator less for signal <win4$cmp_lt0001> created at line 58.
    Summary:
	inferred   4 Comparator(s).
Unit <screen_design> synthesized.


=========================================================================
HDL Synthesis Report

Macro Statistics
# Counters                                             : 1
 10-bit up counter                                     : 1
# Comparators                                          : 8
 10-bit comparator greatequal                          : 2
 10-bit comparator less                                : 2
 12-bit comparator greater                             : 2
 12-bit comparator less                                : 2

=========================================================================

=========================================================================
*                       Advanced HDL Synthesis                          *
=========================================================================


=========================================================================
Advanced HDL Synthesis Report

Macro Statistics
# Counters                                             : 1
 10-bit up counter                                     : 1
# Comparators                                          : 8
 10-bit comparator greatequal                          : 2
 10-bit comparator less                                : 2
 12-bit comparator greater                             : 2
 12-bit comparator less                                : 2

=========================================================================

=========================================================================
*                         Low Level Synthesis                           *
=========================================================================

Optimizing unit <screen_design> ...

Optimizing unit <pixel_itr> ...

Mapping all equations...
Building and optimizing final netlist ...
Found area constraint ratio of 100 (+ 5) on block screen_design, actual ratio is 0.

Final Macro Processing ...

=========================================================================
Final Register Report

Macro Statistics
# Registers                                            : 10
 Flip-Flops                                            : 10

=========================================================================

=========================================================================
*                           Partition Report                            *
=========================================================================

Partition Implementation Status
-------------------------------

  No Partitions were found in this design.

-------------------------------

=========================================================================
*                            Final Report                               *
=========================================================================
Final Results
RTL Top Level Output File Name     : screen_design.ngr
Top Level Output File Name         : screen_design
Output Format                      : NGC
Optimization Goal                  : Speed
Keep Hierarchy                     : No

Design Statistics
# IOs                              : 7

Cell Usage :
# BELS                             : 34
#      GND                         : 1
#      INV                         : 1
#      LUT1                        : 9
#      LUT2                        : 1
#      LUT4                        : 2
#      MUXCY                       : 9
#      VCC                         : 1
#      XORCY                       : 10
# FlipFlops/Latches                : 10
#      FD                          : 10
# Clock Buffers                    : 1
#      BUFGP                       : 1
# IO Buffers                       : 5
#      OBUF                        : 5
=========================================================================

Device utilization summary:
---------------------------

Selected Device : 3s500efg320-4 

 Number of Slices:                        7  out of   4656     0%  
 Number of Slice Flip Flops:             10  out of   9312     0%  
 Number of 4 input LUTs:                 13  out of   9312     0%  
 Number of IOs:                           7
 Number of bonded IOBs:                   6  out of    232     2%  
 Number of GCLKs:                         1  out of     24     4%  

---------------------------
Partition Resource Summary:
---------------------------

  No Partitions were found in this design.

---------------------------


=========================================================================
TIMING REPORT

NOTE: THESE TIMING NUMBERS ARE ONLY A SYNTHESIS ESTIMATE.
      FOR ACCURATE TIMING INFORMATION PLEASE REFER TO THE TRACE REPORT
      GENERATED AFTER PLACE-and-ROUTE.

Clock Information:
------------------
-----------------------------------+------------------------+-------+
Clock Signal                       | Clock buffer(FF name)  | Load  |
-----------------------------------+------------------------+-------+
clk                                | BUFGP                  | 10    |
-----------------------------------+------------------------+-------+

Asynchronous Control Signals Information:
----------------------------------------
No asynchronous control signals found in this design

Timing Summary:
---------------
Speed Grade: -4

   Minimum period: 3.879ns (Maximum Frequency: 257.798MHz)
   Minimum input arrival time before clock: No path found
   Maximum output required time after clock: 6.821ns
   Maximum combinational path delay: No path found

Timing Detail:
--------------
All values displayed in nanoseconds (ns)

=========================================================================
Timing constraint: Default period analysis for Clock 'clk'
  Clock period: 3.879ns (frequency: 257.798MHz)
  Total number of paths / destination ports: 55 / 10
-------------------------------------------------------------------------
Delay:               3.879ns (Levels of Logic = 10)
  Source:            show/h_pos_1 (FF)
  Destination:       show/h_pos_9 (FF)
  Source Clock:      clk rising
  Destination Clock: clk rising

  Data Path: show/h_pos_1 to show/h_pos_9
                                Gate     Net
    Cell:in->out      fanout   Delay   Delay  Logical Name (Net Name)
    ----------------------------------------  ------------
     FD:C->Q               1   0.591   0.595  show/h_pos_1 (show/h_pos_1)
     LUT1:I0->O            1   0.704   0.000  show/Mcount_h_pos_cy<1>_rt (show/Mcount_h_pos_cy<1>_rt)
     MUXCY:S->O            1   0.464   0.000  show/Mcount_h_pos_cy<1> (show/Mcount_h_pos_cy<1>)
     MUXCY:CI->O           1   0.059   0.000  show/Mcount_h_pos_cy<2> (show/Mcount_h_pos_cy<2>)
     MUXCY:CI->O           1   0.059   0.000  show/Mcount_h_pos_cy<3> (show/Mcount_h_pos_cy<3>)
     MUXCY:CI->O           1   0.059   0.000  show/Mcount_h_pos_cy<4> (show/Mcount_h_pos_cy<4>)
     MUXCY:CI->O           1   0.059   0.000  show/Mcount_h_pos_cy<5> (show/Mcount_h_pos_cy<5>)
     MUXCY:CI->O           1   0.059   0.000  show/Mcount_h_pos_cy<6> (show/Mcount_h_pos_cy<6>)
     MUXCY:CI->O           1   0.059   0.000  show/Mcount_h_pos_cy<7> (show/Mcount_h_pos_cy<7>)
     MUXCY:CI->O           0   0.059   0.000  show/Mcount_h_pos_cy<8> (show/Mcount_h_pos_cy<8>)
     XORCY:CI->O           1   0.804   0.000  show/Mcount_h_pos_xor<9> (show/Result<9>)
     FD:D                      0.308          show/h_pos_9
    ----------------------------------------
    Total                      3.879ns (3.284ns logic, 0.595ns route)
                                       (84.7% logic, 15.3% route)

=========================================================================
Timing constraint: Default OFFSET OUT AFTER for Clock 'clk'
  Total number of paths / destination ports: 8 / 1
-------------------------------------------------------------------------
Offset:              6.821ns (Levels of Logic = 3)
  Source:            show/h_pos_7 (FF)
  Destination:       h_sync (PAD)
  Source Clock:      clk rising

  Data Path: show/h_pos_7 to h_sync
                                Gate     Net
    Cell:in->out      fanout   Delay   Delay  Logical Name (Net Name)
    ----------------------------------------  ------------
     FD:C->Q               3   0.591   0.706  show/h_pos_7 (show/h_pos_7)
     LUT4:I0->O            1   0.704   0.424  show/h_sync_and000042_SW0 (N3)
     LUT4:I3->O            1   0.704   0.420  show/h_sync_and000042 (h_sync_OBUF)
     OBUF:I->O                 3.272          h_sync_OBUF (h_sync)
    ----------------------------------------
    Total                      6.821ns (5.271ns logic, 1.550ns route)
                                       (77.3% logic, 22.7% route)

=========================================================================


Total REAL time to Xst completion: 4.00 secs
Total CPU time to Xst completion: 3.16 secs
 
--> 


Total memory usage is 517416 kilobytes

Number of errors   :    0 (   0 filtered)
Number of warnings :    7 (   0 filtered)
Number of infos    :    1 (   0 filtered)

